Archive member included to satisfy reference by file (symbol)

app/libapp.a(app_spi_slave_demo.c.obj)
                              (--whole-archive)
zephyr/libzephyr.a(cbprintf_packaged.c.obj)
                              (--whole-archive)
zephyr/libzephyr.a(dec.c.obj)
                              (--whole-archive)
zephyr/libzephyr.a(hex.c.obj)
                              (--whole-archive)
zephyr/libzephyr.a(printk.c.obj)
                              (--whole-archive)
zephyr/libzephyr.a(rb.c.obj)  (--whole-archive)
zephyr/libzephyr.a(sem.c.obj)
                              (--whole-archive)
zephyr/libzephyr.a(thread_entry.c.obj)
                              (--whole-archive)
zephyr/libzephyr.a(timeutil.c.obj)
                              (--whole-archive)
zephyr/libzephyr.a(heap.c.obj)
                              (--whole-archive)
zephyr/libzephyr.a(heap-validate.c.obj)
                              (--whole-archive)
zephyr/libzephyr.a(bitarray.c.obj)
                              (--whole-archive)
zephyr/libzephyr.a(multi_heap.c.obj)
                              (--whole-archive)
zephyr/libzephyr.a(onoff.c.obj)
                              (--whole-archive)
zephyr/libzephyr.a(notify.c.obj)
                              (--whole-archive)
zephyr/libzephyr.a(cbprintf_complete.c.obj)
                              (--whole-archive)
zephyr/libzephyr.a(assert.c.obj)
                              (--whole-archive)
zephyr/libzephyr.a(mpsc_pbuf.c.obj)
                              (--whole-archive)
zephyr/libzephyr.a(reboot.c.obj)
                              (--whole-archive)
zephyr/libzephyr.a(configs.c.obj)
                              (--whole-archive)
zephyr/libzephyr.a(log_core.c.obj)
                              (--whole-archive)
zephyr/libzephyr.a(log_mgmt.c.obj)
                              (--whole-archive)
zephyr/libzephyr.a(log_cache.c.obj)
                              (--whole-archive)
zephyr/libzephyr.a(log_msg.c.obj)
                              (--whole-archive)
zephyr/libzephyr.a(log_output.c.obj)
                              (--whole-archive)
zephyr/libzephyr.a(log_backend_rtt.c.obj)
                              (--whole-archive)
zephyr/libzephyr.a(mem_attr.c.obj)
                              (--whole-archive)
zephyr/libzephyr.a(device.c.obj)
                              (--whole-archive)
zephyr/libzephyr.a(tracing_none.c.obj)
                              (--whole-archive)
zephyr/arch/common/libarch__common.a(sw_isr_common.c.obj)
                              (--whole-archive)
zephyr/arch/arch/arm/core/libarch__arm__core.a(fatal.c.obj)
                              (--whole-archive)
zephyr/arch/arch/arm/core/libarch__arm__core.a(nmi.c.obj)
                              (--whole-archive)
zephyr/arch/arch/arm/core/libarch__arm__core.a(nmi_on_reset.S.obj)
                              (--whole-archive)
zephyr/arch/arch/arm/core/libarch__arm__core.a(tls.c.obj)
                              (--whole-archive)
zephyr/arch/arch/arm/core/cortex_m/libarch__arm__core__cortex_m.a(exc_exit.S.obj)
                              (--whole-archive)
zephyr/arch/arch/arm/core/cortex_m/libarch__arm__core__cortex_m.a(fault.c.obj)
                              (--whole-archive)
zephyr/arch/arch/arm/core/cortex_m/libarch__arm__core__cortex_m.a(fault_s.S.obj)
                              (--whole-archive)
zephyr/arch/arch/arm/core/cortex_m/libarch__arm__core__cortex_m.a(fpu.c.obj)
                              (--whole-archive)
zephyr/arch/arch/arm/core/cortex_m/libarch__arm__core__cortex_m.a(reset.S.obj)
                              (--whole-archive)
zephyr/arch/arch/arm/core/cortex_m/libarch__arm__core__cortex_m.a(scb.c.obj)
                              (--whole-archive)
zephyr/arch/arch/arm/core/cortex_m/libarch__arm__core__cortex_m.a(thread_abort.c.obj)
                              (--whole-archive)
zephyr/arch/arch/arm/core/cortex_m/libarch__arm__core__cortex_m.a(vector_table.S.obj)
                              (--whole-archive)
zephyr/arch/arch/arm/core/cortex_m/libarch__arm__core__cortex_m.a(swap.c.obj)
                              (--whole-archive)
zephyr/arch/arch/arm/core/cortex_m/libarch__arm__core__cortex_m.a(swap_helper.S.obj)
                              (--whole-archive)
zephyr/arch/arch/arm/core/cortex_m/libarch__arm__core__cortex_m.a(irq_manage.c.obj)
                              (--whole-archive)
zephyr/arch/arch/arm/core/cortex_m/libarch__arm__core__cortex_m.a(prep_c.c.obj)
                              (--whole-archive)
zephyr/arch/arch/arm/core/cortex_m/libarch__arm__core__cortex_m.a(thread.c.obj)
                              (--whole-archive)
zephyr/arch/arch/arm/core/cortex_m/libarch__arm__core__cortex_m.a(cpu_idle.S.obj)
                              (--whole-archive)
zephyr/arch/arch/arm/core/cortex_m/libarch__arm__core__cortex_m.a(irq_init.c.obj)
                              (--whole-archive)
[...]
Memory Configuration

Name             Origin             Length             Attributes
FLASH            0x0000000000000000 0x0000000000080000 xr
RAM              0x0000000020000000 0x0000000000020000 xw
IDT_LIST         0x00000000ffff7fff 0x0000000000008000 xw
*default*        0x0000000000000000 0xffffffffffffffff

Linker script and memory map

                0x0000000000006034                vfprintf = __d_vfprintf
                0x0000000000000000                vfscanf = __d_vfscanf
LOAD zephyr/CMakeFiles/zephyr_final.dir/misc/empty_file.c.obj
LOAD zephyr/CMakeFiles/zephyr_final.dir/isr_tables.c.obj
LOAD zephyr/CMakeFiles/offsets.dir/./arch/arm/core/offsets/offsets.c.obj
LOAD app/libapp.a
LOAD zephyr/libzephyr.a
LOAD zephyr/arch/common/libarch__common.a
LOAD zephyr/arch/arch/arm/core/libarch__arm__core.a
LOAD zephyr/arch/arch/arm/core/cortex_m/libarch__arm__core__cortex_m.a
LOAD zephyr/arch/arch/arm/core/mpu/libarch__arm__core__mpu.a
LOAD zephyr/lib/libc/picolibc/liblib__libc__picolibc.a
LOAD zephyr/lib/libc/common/liblib__libc__common.a
LOAD zephyr/soc/soc/arm/nordic_nrf/libsoc__arm__nordic_nrf.a
LOAD zephyr/drivers/clock_control/libdrivers__clock_control.a
LOAD zephyr/drivers/console/libdrivers__console.a
LOAD zephyr/drivers/gpio/libdrivers__gpio.a
LOAD zephyr/drivers/pinctrl/libdrivers__pinctrl.a
LOAD zephyr/drivers/regulator/libdrivers__regulator.a
LOAD zephyr/drivers/serial/libdrivers__serial.a
LOAD zephyr/drivers/spi/libdrivers__spi.a
LOAD zephyr/drivers/timer/libdrivers__timer.a
LOAD modules/nrf/lib/dk_buttons_and_leds/lib..__nrf__lib__dk_buttons_and_leds.a
LOAD modules/nrf/lib/fatal_error/lib..__nrf__lib__fatal_error.a
LOAD modules/hal_nordic/nrfx/libmodules__hal_nordic__nrfx.a
LOAD modules/segger/libmodules__segger.a
LOAD zephyr/kernel/libkernel.a
LOAD /home/thomas/ncs/toolchains/2be090971e/opt/zephyr-sdk/arm-zephyr-eabi/bin/../lib/gcc/arm-zephyr-eabi/12.2.0/thumb/v7e-m+fp/hard/libgcc.a
LOAD zephyr/arch/common/libisr_tables.a
LOAD /home/thomas/ncs/toolchains/2be090971e/opt/zephyr-sdk/arm-zephyr-eabi/bin/../lib/gcc/../../picolibc/arm-zephyr-eabi/lib/thumb/v7e-m+fp/hard/libc.a
LOAD /home/thomas/ncs/toolchains/2be090971e/opt/zephyr-sdk/arm-zephyr-eabi/bin/../lib/gcc/arm-zephyr-eabi/12.2.0/thumb/v7e-m+fp/hard/libgcc.a
                0x0000000000000020                _region_min_align = 0x20

.rel.plt        0x0000000000000000        0x0
 *(SORT_BY_ALIGNMENT(.rel.plt))
                [!provide]                        PROVIDE (__rel_iplt_start = .)
 *(SORT_BY_ALIGNMENT(.rel.iplt))
 .rel.iplt      0x0000000000000000        0x0 zephyr/CMakeFiles/zephyr_final.dir/isr_tables.c.obj
                [!provide]                        PROVIDE (__rel_iplt_end = .)

.rela.plt       0x0000000000000000        0x0
 *(SORT_BY_ALIGNMENT(.rela.plt))
                [!provide]                        PROVIDE (__rela_iplt_start = .)
 *(SORT_BY_ALIGNMENT(.rela.iplt))
                [!provide]                        PROVIDE (__rela_iplt_end = .)

.rel.dyn
 *(SORT_BY_ALIGNMENT(.rel.*))

.rela.dyn
 *(SORT_BY_ALIGNMENT(.rela.*))

/DISCARD/
 *(SORT_BY_ALIGNMENT(.plt))

/DISCARD/
 *(SORT_BY_ALIGNMENT(.iplt))
                0x0000000000000000                __rom_region_start = 0x0

rom_start       0x0000000000000000      0x100
                0x0000000000000000                __rom_start_address = .
 FILL mask 0x00
                0x0000000000000000                . = (. + (0x0 - (. - __rom_start_address)))
                0x0000000000000000                . = ALIGN (0x4)
                0x0000000000000000                . = ALIGN (0x80)
                0x0000000000000000                . = ALIGN (0x100)
                0x0000000000000000                _vector_start = .
 *(SORT_BY_ALIGNMENT(.exc_vector_table))
 *(SORT_BY_ALIGNMENT(.exc_vector_table.*))
 .exc_vector_table._vector_table_section
                0x0000000000000000       0x40 zephyr/arch/arch/arm/core/cortex_m/libarch__arm__core__cortex_m.a(vector_table.S.obj)
                0x0000000000000000                _vector_table
 *(SORT_BY_ALIGNMENT(.vectors))
                0x0000000000000100                _vector_end = .
                0x0000000000000040                . = ALIGN (0x4)
 *(SORT_BY_ALIGNMENT(.gnu.linkonce.irq_vector_table*))
 .gnu.linkonce.irq_vector_table
                0x0000000000000040       0xc0 zephyr/CMakeFiles/zephyr_final.dir/isr_tables.c.obj
                0x0000000000000040                _irq_vector_table
                0x0000000000000100                _vector_end = .

text            0x0000000000000100     0x8a68
                0x0000000000000100                __text_region_start = .
 *(SORT_BY_ALIGNMENT(.text))
 .text          0x0000000000000100       0x30 /home/thomas/ncs/toolchains/2be090971e/opt/zephyr-sdk/arm-zephyr-eabi/bin/../lib/gcc/arm-zephyr-eabi/12.2.0/thumb/v7e-m+fp/hard/libgcc.a(_aeabi_uldivmod.o)
                0x0000000000000100                __aeabi_uldivmod
 .text          0x0000000000000130        0x4 /home/thomas/ncs/toolchains/2be090971e/opt/zephyr-sdk/arm-zephyr-eabi/bin/../lib/gcc/arm-zephyr-eabi/12.2.0/thumb/v7e-m+fp/hard/libgcc.a(_dvmd_tls.o)
                0x0000000000000130                __aeabi_ldiv0
                0x0000000000000130                __aeabi_idiv0
 .text          0x0000000000000134      0x2a0 /home/thomas/ncs/toolchains/2be090971e/opt/zephyr-sdk/arm-zephyr-eabi/bin/../lib/gcc/arm-zephyr-eabi/12.2.0/thumb/v7e-m+fp/hard/libgcc.a(_udivmoddi4.o)
                0x0000000000000134                __udivmoddi4
 .text          0x00000000000003d4       0x10 /home/thomas/ncs/toolchains/2be090971e/opt/zephyr-sdk/arm-zephyr-eabi/bin/../lib/gcc/../../picolibc/arm-zephyr-eabi/lib/thumb/v7e-m+fp/hard/libc.a(strlen.S.o)
                0x00000000000003d4                strlen
 *(SORT_BY_ALIGNMENT(.text.*))
 *fill*         0x00000000000003e4        0x4 
 .text.work_queue_main
                0x00000000000003e8      0x140 zephyr/kernel/libkernel.a(work.c.obj)
 .text.spi_slave_write_msg.isra.0
                0x0000000000000528       0x3c app/libapp.a(app_spi_slave_demo.c.obj)
 .text.main     0x0000000000000564       0x68 app/libapp.a(app_spi_slave_demo.c.obj)
                0x0000000000000564                main
 .text.cbvprintf_package
                0x00000000000005cc      0x3a4 zephyr/libzephyr.a(cbprintf_packaged.c.obj)
                0x00000000000005cc                cbvprintf_package
 .text.cbprintf_package_convert
                0x0000000000000970      0x3b0 zephyr/libzephyr.a(cbprintf_packaged.c.obj)
                0x0000000000000970                cbprintf_package_convert
 .text.__printk_hook_install
                0x0000000000000d20        0xc zephyr/libzephyr.a(printk.c.obj)
                0x0000000000000d20                __printk_hook_install
 .text.z_thread_entry
                0x0000000000000d2c       0x34 zephyr/libzephyr.a(thread_entry.c.obj)
                0x0000000000000d2c                z_thread_entry
 .text.process_event
                0x0000000000000d60      0x21c zephyr/libzephyr.a(onoff.c.obj)
 .text.activate_foreach_backend
                0x0000000000000f7c       0x64 zephyr/libzephyr.a(log_core.c.obj)
 .text.enable_logger
                0x0000000000000fe0       0x5c zephyr/libzephyr.a(log_core.c.obj)
 .text.log_process_thread_timer_expiry_fn
                0x000000000000103c        0xc zephyr/libzephyr.a(log_core.c.obj)
 .text.z_log_init
                0x0000000000001048       0x90 zephyr/libzephyr.a(log_core.c.obj)
 .text.log_format_func_t_get
                0x00000000000010d8        0xc zephyr/libzephyr.a(log_core.c.obj)
                0x00000000000010d8                log_format_func_t_get
 .text.log_set_timestamp_func
                0x00000000000010e4       0x20 zephyr/libzephyr.a(log_core.c.obj)
                0x00000000000010e4                log_set_timestamp_func
 .text.z_log_notify_backend_enabled
                0x0000000000001104       0x1c zephyr/libzephyr.a(log_core.c.obj)
                0x0000000000001104                z_log_notify_backend_enabled
 .text.z_log_dropped
                0x0000000000001120       0x30 zephyr/libzephyr.a(log_core.c.obj)
                0x0000000000001120                z_log_dropped
 .text.z_log_dropped_read_and_clear
                0x0000000000001150       0x20 zephyr/libzephyr.a(log_core.c.obj)
                0x0000000000001150                z_log_dropped_read_and_clear
 .text.dropped_notify
                0x0000000000001170       0x30 zephyr/libzephyr.a(log_core.c.obj)
                0x0000000000001170                dropped_notify
 .text.z_log_msg_init
                0x00000000000011a0       0x20 zephyr/libzephyr.a(log_core.c.obj)
                0x00000000000011a0                z_log_msg_init
 .text.log_core_init
                0x00000000000011c0       0x34 zephyr/libzephyr.a(log_core.c.obj)
                0x00000000000011c0                log_core_init
 .text.z_log_msg_alloc
                0x00000000000011f4       0x10 zephyr/libzephyr.a(log_core.c.obj)
                0x00000000000011f4                z_log_msg_alloc
 .text.z_log_msg_local_claim
                0x0000000000001204        0xc zephyr/libzephyr.a(log_core.c.obj)
                0x0000000000001204                z_log_msg_local_claim
 .text.z_log_msg_free
                0x0000000000001210       0x10 zephyr/libzephyr.a(log_core.c.obj)
                0x0000000000001210                z_log_msg_free
 .text.z_log_msg_pending
                0x0000000000001220        0xc zephyr/libzephyr.a(log_core.c.obj)
                0x0000000000001220                z_log_msg_pending
 .text.z_impl_log_process
                0x000000000000122c       0xbc zephyr/libzephyr.a(log_core.c.obj)
                0x000000000000122c                z_impl_log_process
 .text.z_impl_log_panic
                0x00000000000012e8       0x44 zephyr/libzephyr.a(log_core.c.obj)
                0x00000000000012e8                z_impl_log_panic
 .text.log_process_thread_func
                0x000000000000132c       0xa4 zephyr/libzephyr.a(log_core.c.obj)
 .text.z_log_msg_post_finalize
                0x00000000000013d0       0x78 zephyr/libzephyr.a(log_core.c.obj)
 .text.z_log_msg_commit
                0x0000000000001448       0x24 zephyr/libzephyr.a(log_core.c.obj)
                0x0000000000001448                z_log_msg_commit
 .text.log_source_name_get
                0x000000000000146c       0x1c zephyr/libzephyr.a(log_mgmt.c.obj)
                0x000000000000146c                log_source_name_get
 .text.log_backend_enable
                0x0000000000001488       0x28 zephyr/libzephyr.a(log_mgmt.c.obj)
                0x0000000000001488                log_backend_enable
 .text.z_impl_z_log_msg_static_create
                0x00000000000014b0      0x108 zephyr/libzephyr.a(log_msg.c.obj)
                0x00000000000014b0                z_impl_z_log_msg_static_create
 .text.z_log_msg_runtime_vcreate
                0x00000000000015b8       0x8c zephyr/libzephyr.a(log_msg.c.obj)
                0x00000000000015b8                z_log_msg_runtime_vcreate
 .text.print_formatted
                0x0000000000001644       0x24 zephyr/libzephyr.a(log_output.c.obj)
 .text.newline_print
                0x0000000000001668       0x1c zephyr/libzephyr.a(log_output.c.obj)
 .text.log_output_process
                0x0000000000001684      0x2a4 zephyr/libzephyr.a(log_output.c.obj)
                0x0000000000001684                log_output_process
 .text.log_output_msg_process
                0x0000000000001928       0x70 zephyr/libzephyr.a(log_output.c.obj)
                0x0000000000001928                log_output_msg_process
 .text.log_output_dropped_process
                0x0000000000001998       0x58 zephyr/libzephyr.a(log_output.c.obj)
                0x0000000000001998                log_output_dropped_process
 .text.log_output_timestamp_freq_set
                0x00000000000019f0       0x2c zephyr/libzephyr.a(log_output.c.obj)
                0x00000000000019f0                log_output_timestamp_freq_set
 .text.log_backend_rtt_init
                0x0000000000001a1c       0x1c zephyr/libzephyr.a(log_backend_rtt.c.obj)
 .text.format_set
                0x0000000000001a38        0xc zephyr/libzephyr.a(log_backend_rtt.c.obj)
 .text.panic    0x0000000000001a44       0x14 zephyr/libzephyr.a(log_backend_rtt.c.obj)
 .text.dropped  0x0000000000001a58        0xc zephyr/libzephyr.a(log_backend_rtt.c.obj)
 .text.process  0x0000000000001a64       0x24 zephyr/libzephyr.a(log_backend_rtt.c.obj)
 .text.on_failed_write
                0x0000000000001a88       0x28 zephyr/libzephyr.a(log_backend_rtt.c.obj)
 .text.data_out_drop_mode
                0x0000000000001ab0      0x1ac zephyr/libzephyr.a(log_backend_rtt.c.obj)
 .text.mem_attr_get_regions
                0x0000000000001c5c        0xc zephyr/libzephyr.a(mem_attr.c.obj)
                0x0000000000001c5c                mem_attr_get_regions
 .text.z_arm_fatal_error
                0x0000000000001c68      0x104 zephyr/arch/arch/arm/core/libarch__arm__core.a(fatal.c.obj)
                0x0000000000001c68                z_arm_fatal_error
 .text.z_SysNmiOnReset
                0x0000000000001d6c        0x8 zephyr/arch/arch/arm/core/libarch__arm__core.a(nmi_on_reset.S.obj)
                0x0000000000001d6c                z_SysNmiOnReset
 .text.arch_tls_stack_setup
                0x0000000000001d74       0x5c zephyr/arch/arch/arm/core/libarch__arm__core.a(tls.c.obj)
                0x0000000000001d74                arch_tls_stack_setup
 .text._HandlerModeExit
                0x0000000000001dd0       0x1c zephyr/arch/arch/arm/core/cortex_m/libarch__arm__core__cortex_m.a(exc_exit.S.obj)
                0x0000000000001dd0                z_arm_exc_exit
                0x0000000000001dd0                z_arm_int_exit
 .text.bus_fault.constprop.0
                0x0000000000001dec       0xd0 zephyr/arch/arch/arm/core/cortex_m/libarch__arm__core__cortex_m.a(fault.c.obj)
 .text.usage_fault.constprop.0
                0x0000000000001ebc       0xa8 zephyr/arch/arch/arm/core/cortex_m/libarch__arm__core__cortex_m.a(fault.c.obj)
 .text.mem_manage_fault
                0x0000000000001f64      0x104 zephyr/arch/arch/arm/core/cortex_m/libarch__arm__core__cortex_m.a(fault.c.obj)
 .text.z_arm_fault
                0x0000000000002068      0x1c8 zephyr/arch/arch/arm/core/cortex_m/libarch__arm__core__cortex_m.a(fault.c.obj)
                0x0000000000002068                z_arm_fault
 .text.z_arm_fault_init
                0x0000000000002230       0x10 zephyr/arch/arch/arm/core/cortex_m/libarch__arm__core__cortex_m.a(fault.c.obj)
                0x0000000000002230                z_arm_fault_init
 .text.__fault  0x0000000000002240       0x14 zephyr/arch/arch/arm/core/cortex_m/libarch__arm__core__cortex_m.a(fault_s.S.obj)
                0x0000000000002240                z_arm_bus_fault
                0x0000000000002240                z_arm_usage_fault
                0x0000000000002240                z_arm_mpu_fault
                0x0000000000002240                z_arm_exc_spurious
                0x0000000000002240                z_arm_debug_monitor
                0x0000000000002240                z_arm_hard_fault
 .text._reset_section
                0x0000000000002254       0x54 zephyr/arch/arch/arm/core/cortex_m/libarch__arm__core__cortex_m.a(reset.S.obj)
                0x0000000000002254                z_arm_reset
                0x0000000000002254                __start
 .text.sys_arch_reboot
                0x00000000000022a8       0x24 zephyr/arch/arch/arm/core/cortex_m/libarch__arm__core__cortex_m.a(scb.c.obj)
                0x00000000000022a8                sys_arch_reboot
 .text.z_arm_clear_arm_mpu_config
                0x00000000000022cc       0x24 zephyr/arch/arch/arm/core/cortex_m/libarch__arm__core__cortex_m.a(scb.c.obj)
                0x00000000000022cc                z_arm_clear_arm_mpu_config
 .text.z_arm_init_arch_hw_at_boot
                0x00000000000022f0       0x64 zephyr/arch/arch/arm/core/cortex_m/libarch__arm__core__cortex_m.a(scb.c.obj)
                0x00000000000022f0                z_arm_init_arch_hw_at_boot
 .text.z_impl_k_thread_abort
                0x0000000000002354       0x2c zephyr/arch/arch/arm/core/cortex_m/libarch__arm__core__cortex_m.a(thread_abort.c.obj)
                0x0000000000002354                z_impl_k_thread_abort
 .text.arch_swap
                0x0000000000002380       0x30 zephyr/arch/arch/arm/core/cortex_m/libarch__arm__core__cortex_m.a(swap.c.obj)
                0x0000000000002380                arch_swap
 .text.z_arm_pendsv
                0x00000000000023b0       0xa0 zephyr/arch/arch/arm/core/cortex_m/libarch__arm__core__cortex_m.a(swap_helper.S.obj)
                0x00000000000023b0                z_arm_pendsv
 .text.z_arm_svc
                0x0000000000002450       0x20 zephyr/arch/arch/arm/core/cortex_m/libarch__arm__core__cortex_m.a(swap_helper.S.obj)
                0x0000000000002450                z_arm_svc
 .text.arch_irq_enable
                0x0000000000002470       0x1c zephyr/arch/arch/arm/core/cortex_m/libarch__arm__core__cortex_m.a(irq_manage.c.obj)
                0x0000000000002470                arch_irq_enable
 .text.arch_irq_is_enabled
                0x000000000000248c       0x1c zephyr/arch/arch/arm/core/cortex_m/libarch__arm__core__cortex_m.a(irq_manage.c.obj)
                0x000000000000248c                arch_irq_is_enabled
 .text.z_arm_irq_priority_set
                0x00000000000024a8       0x30 zephyr/arch/arch/arm/core/cortex_m/libarch__arm__core__cortex_m.a(irq_manage.c.obj)
                0x00000000000024a8                z_arm_irq_priority_set
 .text.z_arm_prep_c
                0x00000000000024d8       0x5c zephyr/arch/arch/arm/core/cortex_m/libarch__arm__core__cortex_m.a(prep_c.c.obj)
                0x00000000000024d8                z_arm_prep_c
 .text.arch_new_thread
                0x0000000000002534       0x60 zephyr/arch/arch/arm/core/cortex_m/libarch__arm__core__cortex_m.a(thread.c.obj)
                0x0000000000002534                arch_new_thread
 .text.z_arm_mpu_stack_guard_and_fpu_adjust
                0x0000000000002594       0x70 zephyr/arch/arch/arm/core/cortex_m/libarch__arm__core__cortex_m.a(thread.c.obj)
                0x0000000000002594                z_arm_mpu_stack_guard_and_fpu_adjust
 .text.z_check_thread_stack_fail
                0x0000000000002604       0x38 zephyr/arch/arch/arm/core/cortex_m/libarch__arm__core__cortex_m.a(thread.c.obj)
                0x0000000000002604                z_check_thread_stack_fail
 .text.arch_float_disable
                0x000000000000263c       0x4c zephyr/arch/arch/arm/core/cortex_m/libarch__arm__core__cortex_m.a(thread.c.obj)
                0x000000000000263c                arch_float_disable
 .text.arch_switch_to_main_thread
                0x0000000000002688       0x50 zephyr/arch/arch/arm/core/cortex_m/libarch__arm__core__cortex_m.a(thread.c.obj)
                0x0000000000002688                arch_switch_to_main_thread
 .text.z_arm_cpu_idle_init
                0x00000000000026d8        0xc zephyr/arch/arch/arm/core/cortex_m/libarch__arm__core__cortex_m.a(cpu_idle.S.obj)
                0x00000000000026d8                z_arm_cpu_idle_init
 .text.arch_cpu_idle
                0x00000000000026e4       0x1c zephyr/arch/arch/arm/core/cortex_m/libarch__arm__core__cortex_m.a(cpu_idle.S.obj)
                0x00000000000026e4                arch_cpu_idle
 .text.arch_cpu_atomic_idle
                0x0000000000002700       0x18 zephyr/arch/arch/arm/core/cortex_m/libarch__arm__core__cortex_m.a(cpu_idle.S.obj)
                0x0000000000002700                arch_cpu_atomic_idle
 .text.z_arm_interrupt_init
                0x0000000000002718       0x18 zephyr/arch/arch/arm/core/cortex_m/libarch__arm__core__cortex_m.a(irq_init.c.obj)
                0x0000000000002718                z_arm_interrupt_init
 .text._isr_wrapper
                0x0000000000002730       0x28 zephyr/arch/arch/arm/core/cortex_m/libarch__arm__core__cortex_m.a(isr_wrapper.S.obj)
                0x0000000000002730                _isr_wrapper
 .text.z_arm_configure_static_mpu_regions
                0x0000000000002758       0x18 zephyr/arch/arch/arm/core/mpu/libarch__arm__core__mpu.a(arm_core_mpu.c.obj)
                0x0000000000002758                z_arm_configure_static_mpu_regions
 .text.z_arm_configure_dynamic_mpu_regions
                0x0000000000002770       0x2c zephyr/arch/arch/arm/core/mpu/libarch__arm__core__mpu.a(arm_core_mpu.c.obj)
                0x0000000000002770                z_arm_configure_dynamic_mpu_regions
 .text.region_allocate_and_init
                0x000000000000279c       0x48 zephyr/arch/arch/arm/core/mpu/libarch__arm__core__mpu.a(arm_mpu.c.obj)
 .text.mpu_configure_regions
                0x00000000000027e4       0x68 zephyr/arch/arch/arm/core/mpu/libarch__arm__core__mpu.a(arm_mpu.c.obj)
 .text.arm_core_mpu_enable
                0x000000000000284c       0x18 zephyr/arch/arch/arm/core/mpu/libarch__arm__core__mpu.a(arm_mpu.c.obj)
                0x000000000000284c                arm_core_mpu_enable
 .text.arm_core_mpu_disable
                0x0000000000002864       0x14 zephyr/arch/arch/arm/core/mpu/libarch__arm__core__mpu.a(arm_mpu.c.obj)
                0x0000000000002864                arm_core_mpu_disable
 .text.arm_core_mpu_configure_static_mpu_regions
                0x0000000000002878       0x14 zephyr/arch/arch/arm/core/mpu/libarch__arm__core__mpu.a(arm_mpu.c.obj)
                0x0000000000002878                arm_core_mpu_configure_static_mpu_regions
 .text.arm_core_mpu_configure_dynamic_mpu_regions
                0x000000000000288c       0x30 zephyr/arch/arch/arm/core/mpu/libarch__arm__core__mpu.a(arm_mpu.c.obj)
                0x000000000000288c                arm_core_mpu_configure_dynamic_mpu_regions
 .text.z_arm_mpu_init
                0x00000000000028bc      0x158 zephyr/arch/arch/arm/core/mpu/libarch__arm__core__mpu.a(arm_mpu.c.obj)
                0x00000000000028bc                z_arm_mpu_init
 .text.z_impl_zephyr_fputc
                0x0000000000002a14       0x10 zephyr/lib/libc/picolibc/liblib__libc__picolibc.a(libc-hooks.c.obj)
                0x0000000000002a14                z_impl_zephyr_fputc
 .text.__stdout_hook_install
                0x0000000000002a24       0x18 zephyr/lib/libc/picolibc/liblib__libc__picolibc.a(libc-hooks.c.obj)
                0x0000000000002a24                __stdout_hook_install
 .text.cbvprintf
                0x0000000000002a3c       0x38 zephyr/lib/libc/picolibc/liblib__libc__picolibc.a(libc-hooks.c.obj)
                0x0000000000002a3c                cbvprintf
 .text.__chk_fail
                0x0000000000002a74       0x18 zephyr/lib/libc/picolibc/liblib__libc__picolibc.a(libc-hooks.c.obj)
                0x0000000000002a74                __chk_fail
 .text.malloc_prepare
                0x0000000000002a8c       0x24 zephyr/lib/libc/common/liblib__libc__common.a(malloc.c.obj)
 .text.nordicsemi_nrf52_init
                0x0000000000002ab0       0x10 zephyr/soc/soc/arm/nordic_nrf/libsoc__arm__nordic_nrf.a(soc.c.obj)
 .text.arch_busy_wait
                0x0000000000002ac0       0x14 zephyr/soc/soc/arm/nordic_nrf/libsoc__arm__nordic_nrf.a(soc.c.obj)
                0x0000000000002ac0                arch_busy_wait
 .text.z_arm_platform_init
                0x0000000000002ad4        0x4 zephyr/soc/soc/arm/nordic_nrf/libsoc__arm__nordic_nrf.a(soc_nrf_common.S.obj)
                0x0000000000002ad4                z_arm_platform_init
 .text.onoff_stop
                0x0000000000002ad8       0x30 zephyr/drivers/clock_control/libdrivers__clock_control.a(clock_control_nrf.c.obj)
 .text.onoff_start
                0x0000000000002b08       0x44 zephyr/drivers/clock_control/libdrivers__clock_control.a(clock_control_nrf.c.obj)
 .text.clk_init
                0x0000000000002b4c       0x58 zephyr/drivers/clock_control/libdrivers__clock_control.a(clock_control_nrf.c.obj)
 .text.clkstarted_handle.constprop.0
                0x0000000000002ba4       0x34 zephyr/drivers/clock_control/libdrivers__clock_control.a(clock_control_nrf.c.obj)
 .text.clock_event_handler
                0x0000000000002bd8       0x1c zephyr/drivers/clock_control/libdrivers__clock_control.a(clock_control_nrf.c.obj)
 .text.generic_hfclk_start
                0x0000000000002bf4       0x64 zephyr/drivers/clock_control/libdrivers__clock_control.a(clock_control_nrf.c.obj)
 .text.api_blocking_start
                0x0000000000002c58       0x3c zephyr/drivers/clock_control/libdrivers__clock_control.a(clock_control_nrf.c.obj)
 .text.generic_hfclk_stop
                0x0000000000002c94       0x34 zephyr/drivers/clock_control/libdrivers__clock_control.a(clock_control_nrf.c.obj)
 .text.z_nrf_clock_control_lf_on
                0x0000000000002cc8       0xfc zephyr/drivers/clock_control/libdrivers__clock_control.a(clock_control_nrf.c.obj)
                0x0000000000002cc8                z_nrf_clock_control_lf_on
 .text.rtt_console_init
                0x0000000000002dc4       0x18 zephyr/drivers/console/libdrivers__console.a(rtt_console.c.obj)
 .text.rtt_console_out
                0x0000000000002ddc       0x54 zephyr/drivers/console/libdrivers__console.a(rtt_console.c.obj)
 .text.gpio_nrfx_pin_interrupt_configure
                0x0000000000002e30      0x100 zephyr/drivers/gpio/libdrivers__gpio.a(gpio_nrfx.c.obj)
 .text.gpio_nrfx_init
                0x0000000000002f30       0x48 zephyr/drivers/gpio/libdrivers__gpio.a(gpio_nrfx.c.obj)
 .text.nrfx_gpio_handler
                0x0000000000002f78       0x4c zephyr/drivers/gpio/libdrivers__gpio.a(gpio_nrfx.c.obj)
 .text.gpio_nrfx_pin_configure
                0x0000000000002fc4      0x18c zephyr/drivers/gpio/libdrivers__gpio.a(gpio_nrfx.c.obj)
 .text.pinctrl_configure_pins
                0x0000000000003150      0x128 zephyr/drivers/pinctrl/libdrivers__pinctrl.a(pinctrl_nrf.c.obj)
                0x0000000000003150                pinctrl_configure_pins
 .text.uart_nrfx_poll_in
                0x0000000000003278       0x24 zephyr/drivers/serial/libdrivers__serial.a(uart_nrfx_uart.c.obj)
 .text.uart_nrfx_err_check
                0x000000000000329c       0x10 zephyr/drivers/serial/libdrivers__serial.a(uart_nrfx_uart.c.obj)
 .text.uart_nrfx_poll_out
                0x00000000000032ac       0x7c zephyr/drivers/serial/libdrivers__serial.a(uart_nrfx_uart.c.obj)
 .text.uart_nrfx_pm_action
                0x0000000000003328       0x44 zephyr/drivers/serial/libdrivers__serial.a(uart_nrfx_uart.c.obj)
 .text.uart_nrfx_init
                0x000000000000336c      0x1a8 zephyr/drivers/serial/libdrivers__serial.a(uart_nrfx_uart.c.obj)
 .text.spi_nrfx_init
                0x0000000000003514      0x11c zephyr/drivers/spi/libdrivers__spi.a(spi_nrfx_spis.c.obj)
 .text.transceive
                0x0000000000003630      0x3a8 zephyr/drivers/spi/libdrivers__spi.a(spi_nrfx_spis.c.obj)
 .text.compare_int_lock
                0x00000000000039d8       0x48 zephyr/drivers/timer/libdrivers__timer.a(nrf_rtc_timer.c.obj)
 .text.sys_clock_timeout_handler
                0x0000000000003a20       0x48 zephyr/drivers/timer/libdrivers__timer.a(nrf_rtc_timer.c.obj)
 .text.compare_int_unlock
                0x0000000000003a68       0x5c zephyr/drivers/timer/libdrivers__timer.a(nrf_rtc_timer.c.obj)
 .text.z_nrf_rtc_timer_read
                0x0000000000003ac4       0x44 zephyr/drivers/timer/libdrivers__timer.a(nrf_rtc_timer.c.obj)
                0x0000000000003ac4                z_nrf_rtc_timer_read
 .text.compare_set
                0x0000000000003b08      0x130 zephyr/drivers/timer/libdrivers__timer.a(nrf_rtc_timer.c.obj)
 .text.sys_clock_driver_init
                0x0000000000003c38       0x90 zephyr/drivers/timer/libdrivers__timer.a(nrf_rtc_timer.c.obj)
 .text.rtc_nrf_isr
                0x0000000000003cc8       0xd4 zephyr/drivers/timer/libdrivers__timer.a(nrf_rtc_timer.c.obj)
                0x0000000000003cc8                rtc_nrf_isr
 .text.sys_clock_set_timeout
                0x0000000000003d9c       0x5c zephyr/drivers/timer/libdrivers__timer.a(nrf_rtc_timer.c.obj)
                0x0000000000003d9c                sys_clock_set_timeout
 .text.sys_clock_elapsed
                0x0000000000003df8       0x14 zephyr/drivers/timer/libdrivers__timer.a(nrf_rtc_timer.c.obj)
                0x0000000000003df8                sys_clock_elapsed
 .text.k_sys_fatal_error_handler
                0x0000000000003e0c       0x20 modules/nrf/lib/fatal_error/lib..__nrf__lib__fatal_error.a(fatal_error.c.obj)
                0x0000000000003e0c                k_sys_fatal_error_handler
 .text.nvmc_wait
                0x0000000000003e2c       0x10 modules/hal_nordic/nrfx/libmodules__hal_nordic__nrfx.a(system_nrf52833.c.obj)
                0x0000000000003e2c                nvmc_wait
 .text.SystemInit
                0x0000000000003e3c      0x150 modules/hal_nordic/nrfx/libmodules__hal_nordic__nrfx.a(system_nrf52833.c.obj)
                0x0000000000003e3c                SystemInit
 .text.nrfx_flag32_alloc
                0x0000000000003f8c       0x48 modules/hal_nordic/nrfx/libmodules__hal_nordic__nrfx.a(nrfx_flag32_allocator.c.obj)
                0x0000000000003f8c                nrfx_flag32_alloc
 .text.nrfx_flag32_free
                0x0000000000003fd4       0x40 modules/hal_nordic/nrfx/libmodules__hal_nordic__nrfx.a(nrfx_flag32_allocator.c.obj)
                0x0000000000003fd4                nrfx_flag32_free
 .text.nrfx_clock_init
                0x0000000000004014       0x20 modules/hal_nordic/nrfx/libmodules__hal_nordic__nrfx.a(nrfx_clock.c.obj)
                0x0000000000004014                nrfx_clock_init
 .text.nrfx_clock_enable
                0x0000000000004034       0x24 modules/hal_nordic/nrfx/libmodules__hal_nordic__nrfx.a(nrfx_clock.c.obj)
                0x0000000000004034                nrfx_clock_enable
 .text.nrfx_clock_start
                0x0000000000004058       0xa8 modules/hal_nordic/nrfx/libmodules__hal_nordic__nrfx.a(nrfx_clock.c.obj)
                0x0000000000004058                nrfx_clock_start
 .text.nrfx_power_clock_irq_handler
                0x0000000000004100       0x64 modules/hal_nordic/nrfx/libmodules__hal_nordic__nrfx.a(nrfx_clock.c.obj)
                0x0000000000004100                nrfx_power_clock_irq_handler
 .text.nrf_gpio_pin_port_decode
                0x0000000000004164       0x20 modules/hal_nordic/nrfx/libmodules__hal_nordic__nrfx.a(nrfx_gpiote.c.obj)
 .text.get_pin_idx
                0x0000000000004184       0x14 modules/hal_nordic/nrfx/libmodules__hal_nordic__nrfx.a(nrfx_gpiote.c.obj)
 .text.call_handler.constprop.0
                0x0000000000004198       0x40 modules/hal_nordic/nrfx/libmodules__hal_nordic__nrfx.a(nrfx_gpiote.c.obj)
 .text.pin_te_get.constprop.0
                0x00000000000041d8       0x18 modules/hal_nordic/nrfx/libmodules__hal_nordic__nrfx.a(nrfx_gpiote.c.obj)
 .text.pin_is_output.constprop.0
                0x00000000000041f0       0x18 modules/hal_nordic/nrfx/libmodules__hal_nordic__nrfx.a(nrfx_gpiote.c.obj)
 .text.pin_in_use_by_te.constprop.0
                0x0000000000004208       0x18 modules/hal_nordic/nrfx/libmodules__hal_nordic__nrfx.a(nrfx_gpiote.c.obj)
 .text.latch_pending_read_and_check
                0x0000000000004220       0x40 modules/hal_nordic/nrfx/libmodules__hal_nordic__nrfx.a(nrfx_gpiote.c.obj)
 .text.release_handler.isra.0
                0x0000000000004260       0x58 modules/hal_nordic/nrfx/libmodules__hal_nordic__nrfx.a(nrfx_gpiote.c.obj)
 .text.__nrfy_internal_gpiote_events_process.constprop.0
                0x00000000000042b8       0x5c modules/hal_nordic/nrfx/libmodules__hal_nordic__nrfx.a(nrfx_gpiote.c.obj)
 .text.pin_uninit
                0x0000000000004314       0x80 modules/hal_nordic/nrfx/libmodules__hal_nordic__nrfx.a(nrfx_gpiote.c.obj)
 .text.nrfx_gpiote_input_configure
                0x0000000000004394      0x174 modules/hal_nordic/nrfx/libmodules__hal_nordic__nrfx.a(nrfx_gpiote.c.obj)
                0x0000000000004394                nrfx_gpiote_input_configure
 .text.nrfx_gpiote_output_configure
                0x0000000000004508       0xfc modules/hal_nordic/nrfx/libmodules__hal_nordic__nrfx.a(nrfx_gpiote.c.obj)
                0x0000000000004508                nrfx_gpiote_output_configure
 .text.nrfx_gpiote_global_callback_set
                0x0000000000004604        0xc modules/hal_nordic/nrfx/libmodules__hal_nordic__nrfx.a(nrfx_gpiote.c.obj)
                0x0000000000004604                nrfx_gpiote_global_callback_set
 .text.nrfx_gpiote_channel_get
                0x0000000000004610       0x34 modules/hal_nordic/nrfx/libmodules__hal_nordic__nrfx.a(nrfx_gpiote.c.obj)
                0x0000000000004610                nrfx_gpiote_channel_get
 .text.nrfx_gpiote_init
                0x0000000000004644       0x70 modules/hal_nordic/nrfx/libmodules__hal_nordic__nrfx.a(nrfx_gpiote.c.obj)
                0x0000000000004644                nrfx_gpiote_init
 .text.nrfx_gpiote_init_check
                0x00000000000046b4       0x14 modules/hal_nordic/nrfx/libmodules__hal_nordic__nrfx.a(nrfx_gpiote.c.obj)
                0x00000000000046b4                nrfx_gpiote_init_check
 .text.nrfx_gpiote_channel_free
                0x00000000000046c8        0xc modules/hal_nordic/nrfx/libmodules__hal_nordic__nrfx.a(nrfx_gpiote.c.obj)
                0x00000000000046c8                nrfx_gpiote_channel_free
 .text.nrfx_gpiote_channel_alloc
                0x00000000000046d4        0xc modules/hal_nordic/nrfx/libmodules__hal_nordic__nrfx.a(nrfx_gpiote.c.obj)
                0x00000000000046d4                nrfx_gpiote_channel_alloc
 .text.nrfx_gpiote_trigger_enable
                0x00000000000046e0       0x9c modules/hal_nordic/nrfx/libmodules__hal_nordic__nrfx.a(nrfx_gpiote.c.obj)
                0x00000000000046e0                nrfx_gpiote_trigger_enable
 .text.nrfx_gpiote_0_irq_handler
                0x000000000000477c      0x1bc modules/hal_nordic/nrfx/libmodules__hal_nordic__nrfx.a(nrfx_gpiote.c.obj)
                0x000000000000477c                nrfx_gpiote_0_irq_handler
 .text.nrf_gpio_cfg.constprop.0
                0x0000000000004938       0x48 modules/hal_nordic/nrfx/libmodules__hal_nordic__nrfx.a(nrfx_spis.c.obj)
 .text.nrfx_spis_init
                0x0000000000004980       0x74 modules/hal_nordic/nrfx/libmodules__hal_nordic__nrfx.a(nrfx_spis.c.obj)
                0x0000000000004980                nrfx_spis_init
 .text.nrfx_spis_buffers_set
                0x00000000000049f4       0x7c modules/hal_nordic/nrfx/libmodules__hal_nordic__nrfx.a(nrfx_spis.c.obj)
                0x00000000000049f4                nrfx_spis_buffers_set
 .text.nrfx_spis_1_irq_handler
                0x0000000000004a70       0x70 modules/hal_nordic/nrfx/libmodules__hal_nordic__nrfx.a(nrfx_spis.c.obj)
                0x0000000000004a70                nrfx_spis_1_irq_handler
 .text._DoInit  0x0000000000004ae0       0x60 modules/segger/libmodules__segger.a(SEGGER_RTT.c.obj)
 .text.SEGGER_RTT_WriteSkipNoLock
                0x0000000000004b40       0x88 modules/segger/libmodules__segger.a(SEGGER_RTT.c.obj)
                0x0000000000004b40                SEGGER_RTT_WriteSkipNoLock
 .text.SEGGER_RTT_WriteNoLock
                0x0000000000004bc8       0x58 modules/segger/libmodules__segger.a(SEGGER_RTT.c.obj)
                0x0000000000004bc8                SEGGER_RTT_WriteNoLock
 .text.SEGGER_RTT_HasDataUp
                0x0000000000004c20       0x14 modules/segger/libmodules__segger.a(SEGGER_RTT.c.obj)
                0x0000000000004c20                SEGGER_RTT_HasDataUp
 .text.zephyr_rtt_mutex_lock
                0x0000000000004c34       0x14 modules/segger/libmodules__segger.a(SEGGER_RTT_zephyr.c.obj)
                0x0000000000004c34                zephyr_rtt_mutex_lock
 .text.zephyr_rtt_mutex_unlock
                0x0000000000004c48        0xc modules/segger/libmodules__segger.a(SEGGER_RTT_zephyr.c.obj)
                0x0000000000004c48                zephyr_rtt_mutex_unlock
 .text.z_fatal_error
                0x0000000000004c54       0xe8 zephyr/kernel/libkernel.a(fatal.c.obj)
                0x0000000000004c54                z_fatal_error
 .text.z_sys_init_run_level
                0x0000000000004d3c       0x48 zephyr/kernel/libkernel.a(init.c.obj)
 .text.bg_thread_main
                0x0000000000004d84       0x34 zephyr/kernel/libkernel.a(init.c.obj)
 .text.z_bss_zero
                0x0000000000004db8       0x18 zephyr/kernel/libkernel.a(init.c.obj)
                0x0000000000004db8                z_bss_zero
 .text.z_init_cpu
                0x0000000000004dd0       0x8c zephyr/kernel/libkernel.a(init.c.obj)
                0x0000000000004dd0                z_init_cpu
 .text.z_cstart
                0x0000000000004e5c       0xe0 zephyr/kernel/libkernel.a(init.c.obj)
                0x0000000000004e5c                z_cstart
 .text.z_setup_new_thread
                0x0000000000004f3c       0x80 zephyr/kernel/libkernel.a(thread.c.obj)
                0x0000000000004f3c                z_setup_new_thread
 .text.z_impl_k_thread_create
                0x0000000000004fbc       0x58 zephyr/kernel/libkernel.a(thread.c.obj)
                0x0000000000004fbc                z_impl_k_thread_create
 .text.z_init_static_threads
                0x0000000000005014       0x98 zephyr/kernel/libkernel.a(thread.c.obj)
                0x0000000000005014                z_init_static_threads
 .text.z_impl_k_mutex_unlock
                0x00000000000050ac       0x78 zephyr/kernel/libkernel.a(mutex.c.obj)
                0x00000000000050ac                z_impl_k_mutex_unlock
 .text.z_impl_k_mutex_lock
                0x0000000000005124       0xf4 zephyr/kernel/libkernel.a(mutex.c.obj)
                0x0000000000005124                z_impl_k_mutex_lock
 .text.z_impl_k_sem_give
                0x0000000000005218       0x4c zephyr/kernel/libkernel.a(sem.c.obj)
                0x0000000000005218                z_impl_k_sem_give
 .text.z_impl_k_sem_take
                0x0000000000005264       0x50 zephyr/kernel/libkernel.a(sem.c.obj)
                0x0000000000005264                z_impl_k_sem_take
 .text.submit_to_queue_locked
                0x00000000000052b4       0xb4 zephyr/kernel/libkernel.a(work.c.obj)
 .text.k_work_queue_start
                0x0000000000005368       0x70 zephyr/kernel/libkernel.a(work.c.obj)
                0x0000000000005368                k_work_queue_start
 .text.sliceable
                0x00000000000053d8       0x3c zephyr/kernel/libkernel.a(sched.c.obj)
 .text.slice_timeout
                0x0000000000005414       0x20 zephyr/kernel/libkernel.a(sched.c.obj)
 .text.z_reset_time_slice
                0x0000000000005434       0x50 zephyr/kernel/libkernel.a(sched.c.obj)
                0x0000000000005434                z_reset_time_slice
 .text.update_cache
                0x0000000000005484       0x3c zephyr/kernel/libkernel.a(sched.c.obj)
 .text.move_thread_to_end_of_prio_q
                0x00000000000054c0       0x74 zephyr/kernel/libkernel.a(sched.c.obj)
 .text.ready_thread
                0x0000000000005534       0x68 zephyr/kernel/libkernel.a(sched.c.obj)
 .text.unready_thread
                0x000000000000559c       0x30 zephyr/kernel/libkernel.a(sched.c.obj)
 .text.pend_locked
                0x00000000000055cc       0x30 zephyr/kernel/libkernel.a(sched.c.obj)
 .text.z_thread_halt
                0x00000000000055fc       0xac zephyr/kernel/libkernel.a(sched.c.obj)
 .text.z_time_slice
                0x00000000000056a8       0x60 zephyr/kernel/libkernel.a(sched.c.obj)
                0x00000000000056a8                z_time_slice
 .text.z_pend_curr
                0x0000000000005708       0x3c zephyr/kernel/libkernel.a(sched.c.obj)
                0x0000000000005708                z_pend_curr
 .text.z_set_prio
                0x0000000000005744       0x8c zephyr/kernel/libkernel.a(sched.c.obj)
                0x0000000000005744                z_set_prio
 .text.z_reschedule
                0x00000000000057d0       0x24 zephyr/kernel/libkernel.a(sched.c.obj)
                0x00000000000057d0                z_reschedule
 .text.z_sched_start
                0x00000000000057f4       0x3c zephyr/kernel/libkernel.a(sched.c.obj)
                0x00000000000057f4                z_sched_start
 .text.k_sched_lock
                0x0000000000005830       0x28 zephyr/kernel/libkernel.a(sched.c.obj)
                0x0000000000005830                k_sched_lock
 .text.k_sched_unlock
                0x0000000000005858       0x38 zephyr/kernel/libkernel.a(sched.c.obj)
                0x0000000000005858                k_sched_unlock
 .text.z_sched_init
                0x0000000000005890       0x10 zephyr/kernel/libkernel.a(sched.c.obj)
                0x0000000000005890                z_sched_init
 .text.z_impl_k_yield
                0x00000000000058a0       0x7c zephyr/kernel/libkernel.a(sched.c.obj)
                0x00000000000058a0                z_impl_k_yield
 .text.z_tick_sleep
                0x000000000000591c       0x88 zephyr/kernel/libkernel.a(sched.c.obj)
 .text.z_impl_k_sleep
                0x00000000000059a4       0x34 zephyr/kernel/libkernel.a(sched.c.obj)
                0x00000000000059a4                z_impl_k_sleep
 .text.z_impl_k_sched_current_thread_query
                0x00000000000059d8        0xc zephyr/kernel/libkernel.a(sched.c.obj)
                0x00000000000059d8                z_impl_k_sched_current_thread_query
 .text.z_sched_wait
                0x00000000000059e4       0x24 zephyr/kernel/libkernel.a(sched.c.obj)
                0x00000000000059e4                z_sched_wait
 .text.z_data_copy
                0x0000000000005a08       0x34 zephyr/kernel/libkernel.a(xip.c.obj)
                0x0000000000005a08                z_data_copy
 .text.elapsed  0x0000000000005a3c       0x14 zephyr/kernel/libkernel.a(timeout.c.obj)
 .text.next_timeout
                0x0000000000005a50       0x40 zephyr/kernel/libkernel.a(timeout.c.obj)
 .text.remove_timeout
                0x0000000000005a90       0x38 zephyr/kernel/libkernel.a(timeout.c.obj)
 .text.z_add_timeout
                0x0000000000005ac8       0xec zephyr/kernel/libkernel.a(timeout.c.obj)
                0x0000000000005ac8                z_add_timeout
 .text.sys_clock_announce
                0x0000000000005bb4       0xd4 zephyr/kernel/libkernel.a(timeout.c.obj)
                0x0000000000005bb4                sys_clock_announce
 .text.sys_clock_tick_get
                0x0000000000005c88       0x34 zephyr/kernel/libkernel.a(timeout.c.obj)
                0x0000000000005c88                sys_clock_tick_get
 .text.z_timer_expiration_handler
                0x0000000000005cbc       0xe4 zephyr/kernel/libkernel.a(timer.c.obj)
                0x0000000000005cbc                z_timer_expiration_handler
 .text.z_impl_k_timer_start
                0x0000000000005da0       0x74 zephyr/kernel/libkernel.a(timer.c.obj)
                0x0000000000005da0                z_impl_k_timer_start
 .text.z_impl_k_poll_signal_raise
                0x0000000000005e14       0x50 zephyr/kernel/libkernel.a(poll.c.obj)
                0x0000000000005e14                z_impl_k_poll_signal_raise
 .text.boot_banner
                0x0000000000005e64        0xc zephyr/kernel/libkernel.a(banner.c.obj)
                0x0000000000005e64                boot_banner
 .text.k_sys_work_q_init
                0x0000000000005e70       0x34 zephyr/kernel/libkernel.a(system_work_q.c.obj)
 .text.snprintf
                0x0000000000005ea4       0x58 /home/thomas/ncs/toolchains/2be090971e/opt/zephyr-sdk/arm-zephyr-eabi/bin/../lib/gcc/../../picolibc/arm-zephyr-eabi/lib/thumb/v7e-m+fp/hard/libc.a(libc_tinystdio_snprintf.c.o)
                0x0000000000005ea4                snprintf
 .text.skip_to_arg
                0x0000000000005efc      0x138 /home/thomas/ncs/toolchains/2be090971e/opt/zephyr-sdk/arm-zephyr-eabi/bin/../lib/gcc/../../picolibc/arm-zephyr-eabi/lib/thumb/v7e-m+fp/hard/libc.a(libc_tinystdio_vfprintf.c.o)
 .text.vfprintf
                0x0000000000006034      0x9f4 /home/thomas/ncs/toolchains/2be090971e/opt/zephyr-sdk/arm-zephyr-eabi/bin/../lib/gcc/../../picolibc/arm-zephyr-eabi/lib/thumb/v7e-m+fp/hard/libc.a(libc_tinystdio_vfprintf.c.o)
                0x0000000000006034                __d_vfprintf
 .text.div10    0x0000000000006a28       0x28 /home/thomas/ncs/toolchains/2be090971e/opt/zephyr-sdk/arm-zephyr-eabi/bin/../lib/gcc/../../picolibc/arm-zephyr-eabi/lib/thumb/v7e-m+fp/hard/libc.a(libc_tinystdio_dtoa_ryu.c.o)
 .text.__dtoa_engine
                0x0000000000006a50      0x4ac /home/thomas/ncs/toolchains/2be090971e/opt/zephyr-sdk/arm-zephyr-eabi/bin/../lib/gcc/../../picolibc/arm-zephyr-eabi/lib/thumb/v7e-m+fp/hard/libc.a(libc_tinystdio_dtoa_ryu.c.o)
                0x0000000000006a50                __dtoa_engine
 .text.__log10Pow2
                0x0000000000006efc        0xc /home/thomas/ncs/toolchains/2be090971e/opt/zephyr-sdk/arm-zephyr-eabi/bin/../lib/gcc/../../picolibc/arm-zephyr-eabi/lib/thumb/v7e-m+fp/hard/libc.a(libc_tinystdio_ryu_log10.c.o)
                0x0000000000006efc                __log10Pow2
 .text.__log10Pow5
                0x0000000000006f08        0xc /home/thomas/ncs/toolchains/2be090971e/opt/zephyr-sdk/arm-zephyr-eabi/bin/../lib/gcc/../../picolibc/arm-zephyr-eabi/lib/thumb/v7e-m+fp/hard/libc.a(libc_tinystdio_ryu_log10.c.o)
                0x0000000000006f08                __log10Pow5
 .text.__pow5bits
                0x0000000000006f14       0x10 /home/thomas/ncs/toolchains/2be090971e/opt/zephyr-sdk/arm-zephyr-eabi/bin/../lib/gcc/../../picolibc/arm-zephyr-eabi/lib/thumb/v7e-m+fp/hard/libc.a(libc_tinystdio_ryu_pow5bits.c.o)
                0x0000000000006f14                __pow5bits
 .text.__pow5Factor
                0x0000000000006f24       0x30 /home/thomas/ncs/toolchains/2be090971e/opt/zephyr-sdk/arm-zephyr-eabi/bin/../lib/gcc/../../picolibc/arm-zephyr-eabi/lib/thumb/v7e-m+fp/hard/libc.a(libc_tinystdio_ryu_table.c.o)
                0x0000000000006f24                __pow5Factor
 .text.__double_computePow5
                0x0000000000006f54       0xe8 /home/thomas/ncs/toolchains/2be090971e/opt/zephyr-sdk/arm-zephyr-eabi/bin/../lib/gcc/../../picolibc/arm-zephyr-eabi/lib/thumb/v7e-m+fp/hard/libc.a(libc_tinystdio_ryu_table.c.o)
                0x0000000000006f54                __double_computePow5
 .text.__double_computeInvPow5
                0x000000000000703c       0xf8 /home/thomas/ncs/toolchains/2be090971e/opt/zephyr-sdk/arm-zephyr-eabi/bin/../lib/gcc/../../picolibc/arm-zephyr-eabi/lib/thumb/v7e-m+fp/hard/libc.a(libc_tinystdio_ryu_table.c.o)
                0x000000000000703c                __double_computeInvPow5
 .text._OffsetAbsSyms
                0x0000000000007134        0x2 zephyr/CMakeFiles/offsets.dir/./arch/arm/core/offsets/offsets.c.obj
                0x0000000000007134                _OffsetAbsSyms
 .text.cbpprintf_external
                0x0000000000007136       0x62 zephyr/libzephyr.a(cbprintf_packaged.c.obj)
                0x0000000000007136                cbpprintf_external
 .text.is_ptr   0x0000000000007198       0x4a zephyr/libzephyr.a(cbprintf_packaged.c.obj)
                0x0000000000007198                is_ptr
 .text.arch_printk_char_out
                0x00000000000071e2        0x4 zephyr/libzephyr.a(printk.c.obj)
                0x00000000000071e2                arch_printk_char_out
 .text.printk   0x00000000000071e6       0x1a zephyr/libzephyr.a(printk.c.obj)
                0x00000000000071e6                printk
 .text.chunk_size
                0x0000000000007200        0xa zephyr/libzephyr.a(heap.c.obj)
 .text.free_list_add
                0x000000000000720a       0x4e zephyr/libzephyr.a(heap.c.obj)
 .text.sys_heap_init
                0x0000000000007258       0x7a zephyr/libzephyr.a(heap.c.obj)
                0x0000000000007258                sys_heap_init
 .text.process_recheck
                0x00000000000072d2       0x38 zephyr/libzephyr.a(onoff.c.obj)
 .text.validate_args
                0x000000000000730a       0x20 zephyr/libzephyr.a(onoff.c.obj)
 .text.notify_one
                0x000000000000732a       0x2c zephyr/libzephyr.a(onoff.c.obj)
 .text.transition_complete
                0x0000000000007356       0x1e zephyr/libzephyr.a(onoff.c.obj)
 .text.onoff_manager_init
                0x0000000000007374       0x26 zephyr/libzephyr.a(onoff.c.obj)
                0x0000000000007374                onoff_manager_init
 .text.onoff_request
                0x000000000000739a       0xb0 zephyr/libzephyr.a(onoff.c.obj)
                0x000000000000739a                onoff_request
 .text.sys_notify_validate
                0x000000000000744a       0x28 zephyr/libzephyr.a(notify.c.obj)
                0x000000000000744a                sys_notify_validate
 .text.sys_notify_finalize
                0x0000000000007472       0x32 zephyr/libzephyr.a(notify.c.obj)
                0x0000000000007472                sys_notify_finalize
 .text.free_space
                0x00000000000074a4       0x26 zephyr/libzephyr.a(mpsc_pbuf.c.obj)
 .text.get_usage
                0x00000000000074ca       0x22 zephyr/libzephyr.a(mpsc_pbuf.c.obj)
 .text.idx_inc  0x00000000000074ec       0x1c zephyr/libzephyr.a(mpsc_pbuf.c.obj)
 .text.rd_idx_inc
                0x0000000000007508       0x18 zephyr/libzephyr.a(mpsc_pbuf.c.obj)
 .text.add_skip_item
                0x0000000000007520       0x3a zephyr/libzephyr.a(mpsc_pbuf.c.obj)
 .text.drop_item_locked
                0x000000000000755a       0xee zephyr/libzephyr.a(mpsc_pbuf.c.obj)
 .text.post_drop_action
                0x0000000000007648       0x36 zephyr/libzephyr.a(mpsc_pbuf.c.obj)
 .text.max_utilization_update
                0x000000000000767e       0x1a zephyr/libzephyr.a(mpsc_pbuf.c.obj)
 .text.mpsc_pbuf_init
                0x0000000000007698       0x42 zephyr/libzephyr.a(mpsc_pbuf.c.obj)
                0x0000000000007698                mpsc_pbuf_init
 .text.mpsc_pbuf_alloc
                0x00000000000076da       0xfc zephyr/libzephyr.a(mpsc_pbuf.c.obj)
                0x00000000000076da                mpsc_pbuf_alloc
 .text.mpsc_pbuf_commit
                0x00000000000077d6       0x40 zephyr/libzephyr.a(mpsc_pbuf.c.obj)
                0x00000000000077d6                mpsc_pbuf_commit
 .text.mpsc_pbuf_claim
                0x0000000000007816       0xa4 zephyr/libzephyr.a(mpsc_pbuf.c.obj)
                0x0000000000007816                mpsc_pbuf_claim
 .text.mpsc_pbuf_free
                0x00000000000078ba       0x78 zephyr/libzephyr.a(mpsc_pbuf.c.obj)
                0x00000000000078ba                mpsc_pbuf_free
 .text.mpsc_pbuf_is_pending
                0x0000000000007932       0x1a zephyr/libzephyr.a(mpsc_pbuf.c.obj)
                0x0000000000007932                mpsc_pbuf_is_pending
 .text._ConfigAbsSyms
                0x000000000000794c        0x2 zephyr/libzephyr.a(configs.c.obj)
                0x000000000000794c                _ConfigAbsSyms
 .text.log_msg_generic_get_wlen
                0x000000000000794e       0x20 zephyr/libzephyr.a(log_core.c.obj)
 .text.dummy_timestamp
                0x000000000000796e        0x4 zephyr/libzephyr.a(log_core.c.obj)
 .text.default_get_timestamp
                0x0000000000007972        0x4 zephyr/libzephyr.a(log_core.c.obj)
 .text.atomic_inc
                0x0000000000007976       0x1a zephyr/libzephyr.a(log_core.c.obj)
 .text.z_log_vprintk
                0x0000000000007990       0x1c zephyr/libzephyr.a(log_core.c.obj)
                0x0000000000007990                z_log_vprintk
 .text.z_log_notify_drop
                0x00000000000079ac        0x6 zephyr/libzephyr.a(log_core.c.obj)
 .text.z_log_get_tag
                0x00000000000079b2        0x4 zephyr/libzephyr.a(log_core.c.obj)
                0x00000000000079b2                z_log_get_tag
 .text.z_cbprintf_cpy
                0x00000000000079b6       0x2c zephyr/libzephyr.a(log_msg.c.obj)
 .text.z_log_msg_finalize
                0x00000000000079e2       0x32 zephyr/libzephyr.a(log_msg.c.obj)
                0x00000000000079e2                z_log_msg_finalize
 .text.z_log_msg_simple_create
                0x0000000000007a14       0x6e zephyr/libzephyr.a(log_msg.c.obj)
 .text.z_impl_z_log_msg_simple_create_0
                0x0000000000007a82       0x12 zephyr/libzephyr.a(log_msg.c.obj)
                0x0000000000007a82                z_impl_z_log_msg_simple_create_0
 .text.z_impl_z_log_msg_simple_create_1
                0x0000000000007a94       0x14 zephyr/libzephyr.a(log_msg.c.obj)
                0x0000000000007a94                z_impl_z_log_msg_simple_create_1
 .text.z_impl_z_log_msg_simple_create_2
                0x0000000000007aa8       0x18 zephyr/libzephyr.a(log_msg.c.obj)
                0x0000000000007aa8                z_impl_z_log_msg_simple_create_2
 .text.buffer_write
                0x0000000000007ac0       0x1a zephyr/libzephyr.a(log_output.c.obj)
 .text.log_output_flush
                0x0000000000007ada       0x1a zephyr/libzephyr.a(log_output.c.obj)
                0x0000000000007ada                log_output_flush
 .text.out_func
                0x0000000000007af4       0x36 zephyr/libzephyr.a(log_output.c.obj)
 .text.cr_out_func
                0x0000000000007b2a       0x1c zephyr/libzephyr.a(log_output.c.obj)
 .text.z_do_kernel_oops
                0x0000000000007b46        0x8 zephyr/arch/arch/arm/core/libarch__arm__core.a(fatal.c.obj)
                0x0000000000007b46                z_do_kernel_oops
 .text.z_arm_nmi
                0x0000000000007b4e        0xe zephyr/arch/arch/arm/core/libarch__arm__core.a(nmi.c.obj)
                0x0000000000007b4e                z_arm_nmi
 .text.z_log_msg_simple_create_0.constprop.0
                0x0000000000007b5c        0x8 zephyr/arch/arch/arm/core/cortex_m/libarch__arm__core__cortex_m.a(fault.c.obj)
 .text.z_irq_spurious
                0x0000000000007b64        0x8 zephyr/arch/arch/arm/core/cortex_m/libarch__arm__core__cortex_m.a(irq_manage.c.obj)
                0x0000000000007b64                z_irq_spurious
 .text.size_to_mpu_rasr_size
                0x0000000000007b6c       0x20 zephyr/arch/arch/arm/core/mpu/libarch__arm__core__mpu.a(arm_mpu.c.obj)
 .text.cbputc   0x0000000000007b8c        0xc zephyr/lib/libc/picolibc/liblib__libc__picolibc.a(libc-hooks.c.obj)
 .text.picolibc_put
                0x0000000000007b98        0xa zephyr/lib/libc/picolibc/liblib__libc__picolibc.a(libc-hooks.c.obj)
 .text.get_status
                0x0000000000007ba2       0x12 zephyr/drivers/clock_control/libdrivers__clock_control.a(clock_control_nrf.c.obj)
 .text.set_on_state
                0x0000000000007bb4       0x26 zephyr/drivers/clock_control/libdrivers__clock_control.a(clock_control_nrf.c.obj)
 .text.stop     0x0000000000007bda       0x52 zephyr/drivers/clock_control/libdrivers__clock_control.a(clock_control_nrf.c.obj)
 .text.api_stop
                0x0000000000007c2c        0x6 zephyr/drivers/clock_control/libdrivers__clock_control.a(clock_control_nrf.c.obj)
 .text.async_start
                0x0000000000007c32       0x5c zephyr/drivers/clock_control/libdrivers__clock_control.a(clock_control_nrf.c.obj)
 .text.api_start
                0x0000000000007c8e        0xe zephyr/drivers/clock_control/libdrivers__clock_control.a(clock_control_nrf.c.obj)
 .text.onoff_started_callback
                0x0000000000007c9c       0x14 zephyr/drivers/clock_control/libdrivers__clock_control.a(clock_control_nrf.c.obj)
 .text.lfclk_start
                0x0000000000007cb0        0x6 zephyr/drivers/clock_control/libdrivers__clock_control.a(clock_control_nrf.c.obj)
 .text.lfclk_stop
                0x0000000000007cb6        0x6 zephyr/drivers/clock_control/libdrivers__clock_control.a(clock_control_nrf.c.obj)
 .text.blocking_start_callback
                0x0000000000007cbc        0x6 zephyr/drivers/clock_control/libdrivers__clock_control.a(clock_control_nrf.c.obj)
 .text.gpio_nrfx_port_get_raw
                0x0000000000007cc2        0xe zephyr/drivers/gpio/libdrivers__gpio.a(gpio_nrfx.c.obj)
 .text.gpio_nrfx_port_set_masked_raw
                0x0000000000007cd0       0x18 zephyr/drivers/gpio/libdrivers__gpio.a(gpio_nrfx.c.obj)
 .text.gpio_nrfx_port_set_bits_raw
                0x0000000000007ce8        0xc zephyr/drivers/gpio/libdrivers__gpio.a(gpio_nrfx.c.obj)
 .text.gpio_nrfx_port_clear_bits_raw
                0x0000000000007cf4        0xc zephyr/drivers/gpio/libdrivers__gpio.a(gpio_nrfx.c.obj)
 .text.gpio_nrfx_port_toggle_bits
                0x0000000000007d00       0x1a zephyr/drivers/gpio/libdrivers__gpio.a(gpio_nrfx.c.obj)
 .text.gpio_nrfx_manage_callback
                0x0000000000007d1a       0x52 zephyr/drivers/gpio/libdrivers__gpio.a(gpio_nrfx.c.obj)
 .text.pinctrl_lookup_state
                0x0000000000007d6c       0x26 zephyr/drivers/pinctrl/libdrivers__pinctrl.a(common.c.obj)
                0x0000000000007d6c                pinctrl_lookup_state
 .text.pinctrl_apply_state
                0x0000000000007d92       0x1e zephyr/drivers/serial/libdrivers__serial.a(uart_nrfx_uart.c.obj)
 .text.irq_connect1
                0x0000000000007db0        0xa zephyr/drivers/spi/libdrivers__spi.a(spi_nrfx_spis.c.obj)
 .text.spi_context_unlock_unconditionally
                0x0000000000007dba       0x40 zephyr/drivers/spi/libdrivers__spi.a(spi_nrfx_spis.c.obj)
 .text.spi_nrfx_release
                0x0000000000007dfa       0x18 zephyr/drivers/spi/libdrivers__spi.a(spi_nrfx_spis.c.obj)
 .text.event_handler
                0x0000000000007e12       0x4c zephyr/drivers/spi/libdrivers__spi.a(spi_nrfx_spis.c.obj)
 .text.wake_callback
                0x0000000000007e5e       0x2a zephyr/drivers/spi/libdrivers__spi.a(spi_nrfx_spis.c.obj)
 .text.spi_nrfx_transceive_async
                0x0000000000007e88       0x16 zephyr/drivers/spi/libdrivers__spi.a(spi_nrfx_spis.c.obj)
 .text.spi_nrfx_transceive
                0x0000000000007e9e       0x12 zephyr/drivers/spi/libdrivers__spi.a(spi_nrfx_spis.c.obj)
 .text.z_spi_transfer_signal_cb
                0x0000000000007eb0        0x6 zephyr/drivers/spi/libdrivers__spi.a(spi_signal.c.obj)
                0x0000000000007eb0                z_spi_transfer_signal_cb
 .text.event_clear
                0x0000000000007eb6       0x18 zephyr/drivers/timer/libdrivers__timer.a(nrf_rtc_timer.c.obj)
 .text.sys_clock_cycle_get_32
                0x0000000000007ece        0x8 zephyr/drivers/timer/libdrivers__timer.a(nrf_rtc_timer.c.obj)
                0x0000000000007ece                sys_clock_cycle_get_32
 .text.nrfx_isr
                0x0000000000007ed6        0x2 modules/hal_nordic/nrfx/libmodules__hal_nordic__nrfx.a(nrfx_glue.c.obj)
                0x0000000000007ed6                nrfx_isr
 .text.nrfx_busy_wait
                0x0000000000007ed8        0x4 modules/hal_nordic/nrfx/libmodules__hal_nordic__nrfx.a(nrfx_glue.c.obj)
                0x0000000000007ed8                nrfx_busy_wait
 .text.clock_stop
                0x0000000000007edc       0xb4 modules/hal_nordic/nrfx/libmodules__hal_nordic__nrfx.a(nrfx_clock.c.obj)
 .text.nrfx_clock_stop
                0x0000000000007f90        0x4 modules/hal_nordic/nrfx/libmodules__hal_nordic__nrfx.a(nrfx_clock.c.obj)
                0x0000000000007f90                nrfx_clock_stop
 .text.nrf_gpio_reconfigure
                0x0000000000007f94       0x92 modules/hal_nordic/nrfx/libmodules__hal_nordic__nrfx.a(nrfx_gpiote.c.obj)
 .text.nrf_gpio_cfg_sense_set
                0x0000000000008026       0x1e modules/hal_nordic/nrfx/libmodules__hal_nordic__nrfx.a(nrfx_gpiote.c.obj)
 .text.pin_trigger_disable
                0x0000000000008044       0x48 modules/hal_nordic/nrfx/libmodules__hal_nordic__nrfx.a(nrfx_gpiote.c.obj)
 .text.nrfx_gpiote_pin_uninit
                0x000000000000808c        0x4 modules/hal_nordic/nrfx/libmodules__hal_nordic__nrfx.a(nrfx_gpiote.c.obj)
                0x000000000000808c                nrfx_gpiote_pin_uninit
 .text.nrfx_gpiote_trigger_disable
                0x0000000000008090        0x4 modules/hal_nordic/nrfx/libmodules__hal_nordic__nrfx.a(nrfx_gpiote.c.obj)
                0x0000000000008090                nrfx_gpiote_trigger_disable
 .text.spis_state_entry_action_execute
                0x0000000000008094       0x40 modules/hal_nordic/nrfx/libmodules__hal_nordic__nrfx.a(nrfx_spis.c.obj)
 .text.spis_configure
                0x00000000000080d4       0xcc modules/hal_nordic/nrfx/libmodules__hal_nordic__nrfx.a(nrfx_spis.c.obj)
 .text._GetAvailWriteSpace
                0x00000000000081a0       0x12 modules/segger/libmodules__segger.a(SEGGER_RTT.c.obj)
 .text._WriteNoCheck
                0x00000000000081b2       0x3a modules/segger/libmodules__segger.a(SEGGER_RTT.c.obj)
 .text._WriteBlocking
                0x00000000000081ec       0x54 modules/segger/libmodules__segger.a(SEGGER_RTT.c.obj)
 .text.SEGGER_RTT_Init
                0x0000000000008240        0x4 modules/segger/libmodules__segger.a(SEGGER_RTT.c.obj)
                0x0000000000008240                SEGGER_RTT_Init
 .text.rtt_init
                0x0000000000008244        0xa modules/segger/libmodules__segger.a(SEGGER_RTT_zephyr.c.obj)
 .text.z_impl_k_busy_wait
                0x000000000000824e        0x8 zephyr/kernel/libkernel.a(busy_wait.c.obj)
                0x000000000000824e                z_impl_k_busy_wait
 .text.z_device_state_init
                0x0000000000008256        0x2 zephyr/kernel/libkernel.a(device.c.obj)
                0x0000000000008256                z_device_state_init
 .text.z_device_is_ready
                0x0000000000008258       0x16 zephyr/kernel/libkernel.a(device.c.obj)
                0x0000000000008258                z_device_is_ready
 .text.z_early_memset
                0x000000000000826e        0x4 zephyr/kernel/libkernel.a(init.c.obj)
                0x000000000000826e                z_early_memset
 .text.z_early_memcpy
                0x0000000000008272        0x4 zephyr/kernel/libkernel.a(init.c.obj)
                0x0000000000008272                z_early_memcpy
 .text.k_is_in_isr
                0x0000000000008276        0xc zephyr/kernel/libkernel.a(thread.c.obj)
                0x0000000000008276                k_is_in_isr
 .text.z_impl_k_thread_name_set
                0x0000000000008282        0x6 zephyr/kernel/libkernel.a(thread.c.obj)
                0x0000000000008282                z_impl_k_thread_name_set
 .text.k_thread_name_get
                0x0000000000008288        0x4 zephyr/kernel/libkernel.a(thread.c.obj)
                0x0000000000008288                k_thread_name_get
 .text.z_impl_k_thread_start
                0x000000000000828c        0x4 zephyr/kernel/libkernel.a(thread.c.obj)
                0x000000000000828c                z_impl_k_thread_start
 .text.idle     0x0000000000008290       0x18 zephyr/kernel/libkernel.a(idle.c.obj)
                0x0000000000008290                idle
 .text.adjust_owner_prio.isra.0
                0x00000000000082a8       0x10 zephyr/kernel/libkernel.a(mutex.c.obj)
 .text.z_impl_k_sem_init
                0x00000000000082b8       0x20 zephyr/kernel/libkernel.a(sem.c.obj)
                0x00000000000082b8                z_impl_k_sem_init
 .text.flag_test_and_clear
                0x00000000000082d8       0x16 zephyr/kernel/libkernel.a(work.c.obj)
 .text.notify_queue_locked.isra.0
                0x00000000000082ee        0xe zephyr/kernel/libkernel.a(work.c.obj)
 .text.z_work_submit_to_queue
                0x00000000000082fc       0x28 zephyr/kernel/libkernel.a(work.c.obj)
                0x00000000000082fc                z_work_submit_to_queue
 .text.sys_dlist_remove
                0x0000000000008324       0x10 zephyr/kernel/libkernel.a(sched.c.obj)
 .text.unpend_thread_no_timeout
                0x0000000000008334       0x14 zephyr/kernel/libkernel.a(sched.c.obj)
 .text.add_to_waitq_locked
                0x0000000000008348       0x50 zephyr/kernel/libkernel.a(sched.c.obj)
 .text.z_ready_thread
                0x0000000000008398       0x20 zephyr/kernel/libkernel.a(sched.c.obj)
                0x0000000000008398                z_ready_thread
 .text.z_impl_k_thread_suspend
                0x00000000000083b8       0x36 zephyr/kernel/libkernel.a(sched.c.obj)
                0x00000000000083b8                z_impl_k_thread_suspend
 .text.z_unpend_thread_no_timeout
                0x00000000000083ee       0x24 zephyr/kernel/libkernel.a(sched.c.obj)
                0x00000000000083ee                z_unpend_thread_no_timeout
 .text.z_sched_wake_thread
                0x0000000000008412       0x44 zephyr/kernel/libkernel.a(sched.c.obj)
                0x0000000000008412                z_sched_wake_thread
 .text.z_thread_timeout
                0x0000000000008456        0x8 zephyr/kernel/libkernel.a(sched.c.obj)
                0x0000000000008456                z_thread_timeout
 .text.z_unpend1_no_timeout
                0x000000000000845e       0x2e zephyr/kernel/libkernel.a(sched.c.obj)
                0x000000000000845e                z_unpend1_no_timeout
 .text.z_unpend_first_thread
                0x000000000000848c       0x38 zephyr/kernel/libkernel.a(sched.c.obj)
                0x000000000000848c                z_unpend_first_thread
 .text.z_unpend_thread
                0x00000000000084c4       0x30 zephyr/kernel/libkernel.a(sched.c.obj)
                0x00000000000084c4                z_unpend_thread
 .text.z_reschedule_irqlock
                0x00000000000084f4       0x18 zephyr/kernel/libkernel.a(sched.c.obj)
                0x00000000000084f4                z_reschedule_irqlock
 .text.z_reschedule_unlocked
                0x000000000000850c       0x14 zephyr/kernel/libkernel.a(sched.c.obj)
 .text.z_thread_abort
                0x0000000000008520       0x42 zephyr/kernel/libkernel.a(sched.c.obj)
                0x0000000000008520                z_thread_abort
 .text.z_sched_wake
                0x0000000000008562       0x46 zephyr/kernel/libkernel.a(sched.c.obj)
                0x0000000000008562                z_sched_wake
 .text.z_abort_timeout
                0x00000000000085a8       0x2c zephyr/kernel/libkernel.a(timeout.c.obj)
                0x00000000000085a8                z_abort_timeout
 .text.sys_clock_tick_get_32
                0x00000000000085d4        0x8 zephyr/kernel/libkernel.a(timeout.c.obj)
                0x00000000000085d4                sys_clock_tick_get_32
 .text.z_impl_k_uptime_ticks
                0x00000000000085dc        0x4 zephyr/kernel/libkernel.a(timeout.c.obj)
                0x00000000000085dc                z_impl_k_uptime_ticks
 .text.k_timer_init
                0x00000000000085e0       0x18 zephyr/kernel/libkernel.a(timer.c.obj)
                0x00000000000085e0                k_timer_init
 .text.z_impl_k_timer_stop
                0x00000000000085f8       0x3a zephyr/kernel/libkernel.a(timer.c.obj)
                0x00000000000085f8                z_impl_k_timer_stop
 .text.signal_poll_event
                0x0000000000008632       0x8c zephyr/kernel/libkernel.a(poll.c.obj)
 .text.z_handle_obj_poll_events
                0x00000000000086be       0x36 zephyr/kernel/libkernel.a(poll.c.obj)
                0x00000000000086be                z_handle_obj_poll_events
 .text.z_impl_k_poll_signal_reset
                0x00000000000086f4        0x6 zephyr/kernel/libkernel.a(poll.c.obj)
                0x00000000000086f4                z_impl_k_poll_signal_reset
 .text.z_impl_k_poll_signal_check
                0x00000000000086fa        0xa zephyr/kernel/libkernel.a(poll.c.obj)
                0x00000000000086fa                z_impl_k_poll_signal_check
 .text.__memmove_chk
                0x0000000000008704       0x12 /home/thomas/ncs/toolchains/2be090971e/opt/zephyr-sdk/arm-zephyr-eabi/bin/../lib/gcc/../../picolibc/arm-zephyr-eabi/lib/thumb/v7e-m+fp/hard/libc.a(libc_ssp_memmove_chk.c.o)
                0x0000000000008704                __memmove_chk
 .text.strnlen  0x0000000000008716       0x18 /home/thomas/ncs/toolchains/2be090971e/opt/zephyr-sdk/arm-zephyr-eabi/bin/../lib/gcc/../../picolibc/arm-zephyr-eabi/lib/thumb/v7e-m+fp/hard/libc.a(libc_string_strnlen.c.o)
                0x0000000000008716                strnlen
 .text.__ultoa_invert
                0x000000000000872e       0x50 /home/thomas/ncs/toolchains/2be090971e/opt/zephyr-sdk/arm-zephyr-eabi/bin/../lib/gcc/../../picolibc/arm-zephyr-eabi/lib/thumb/v7e-m+fp/hard/libc.a(libc_tinystdio_vfprintf.c.o)
 .text.mulShiftAll64
                0x000000000000877e      0x17a /home/thomas/ncs/toolchains/2be090971e/opt/zephyr-sdk/arm-zephyr-eabi/bin/../lib/gcc/../../picolibc/arm-zephyr-eabi/lib/thumb/v7e-m+fp/hard/libc.a(libc_tinystdio_dtoa_ryu.c.o)
 .text.__umul128
                0x00000000000088f8       0x36 /home/thomas/ncs/toolchains/2be090971e/opt/zephyr-sdk/arm-zephyr-eabi/bin/../lib/gcc/../../picolibc/arm-zephyr-eabi/lib/thumb/v7e-m+fp/hard/libc.a(libc_tinystdio_ryu_umul128.c.o)
                0x00000000000088f8                __umul128
 .text.__shiftright128
                0x000000000000892e       0x3e /home/thomas/ncs/toolchains/2be090971e/opt/zephyr-sdk/arm-zephyr-eabi/bin/../lib/gcc/../../picolibc/arm-zephyr-eabi/lib/thumb/v7e-m+fp/hard/libc.a(libc_tinystdio_ryu_umul128.c.o)
                0x000000000000892e                __shiftright128
 .text.memcpy   0x000000000000896c       0x1c /home/thomas/ncs/toolchains/2be090971e/opt/zephyr-sdk/arm-zephyr-eabi/bin/../lib/gcc/../../picolibc/arm-zephyr-eabi/lib/thumb/v7e-m+fp/hard/libc.a(memcpy.c.o)
                0x000000000000896c                memcpy
                0x000000000000896c                __aeabi_memcpy
                0x000000000000896c                __aeabi_memcpy4
                0x000000000000896c                __aeabi_memcpy8
 .text.memmove  0x0000000000008988       0x34 /home/thomas/ncs/toolchains/2be090971e/opt/zephyr-sdk/arm-zephyr-eabi/bin/../lib/gcc/../../picolibc/arm-zephyr-eabi/lib/thumb/v7e-m+fp/hard/libc.a(memmove.c.o)
                0x0000000000008988                memmove
                0x0000000000008988                __aeabi_memmove8
                0x0000000000008988                __aeabi_memmove
                0x0000000000008988                __aeabi_memmove4
 .text.memset   0x00000000000089bc       0x10 /home/thomas/ncs/toolchains/2be090971e/opt/zephyr-sdk/arm-zephyr-eabi/bin/../lib/gcc/../../picolibc/arm-zephyr-eabi/lib/thumb/v7e-m+fp/hard/libc.a(memset.c.o)
                0x00000000000089bc                memset
 .text.__dtox_engine
                0x00000000000089cc      0x180 /home/thomas/ncs/toolchains/2be090971e/opt/zephyr-sdk/arm-zephyr-eabi/bin/../lib/gcc/../../picolibc/arm-zephyr-eabi/lib/thumb/v7e-m+fp/hard/libc.a(libc_tinystdio_dtox_engine.c.o)
                0x00000000000089cc                __dtox_engine
 .text.__file_str_put
                0x0000000000008b4c       0x10 /home/thomas/ncs/toolchains/2be090971e/opt/zephyr-sdk/arm-zephyr-eabi/bin/../lib/gcc/../../picolibc/arm-zephyr-eabi/lib/thumb/v7e-m+fp/hard/libc.a(libc_tinystdio_filestrput.c.o)
                0x0000000000008b4c                __file_str_put
 *(SORT_BY_ALIGNMENT(.TEXT.*))
 .TEXT.__aeabi_read_tp
                0x0000000000008b5c        0xc zephyr/arch/arch/arm/core/cortex_m/libarch__arm__core__cortex_m.a(__aeabi_read_tp.S.obj)
                0x0000000000008b5c                __aeabi_read_tp
 *(SORT_BY_ALIGNMENT(.gnu.linkonce.t.*))
 *(SORT_BY_ALIGNMENT(.glue_7t))
 .glue_7t       0x0000000000008b68        0x0 linker stubs
 *(SORT_BY_ALIGNMENT(.glue_7))
 .glue_7        0x0000000000008b68        0x0 linker stubs
 *(SORT_BY_ALIGNMENT(.vfp11_veneer))
 .vfp11_veneer  0x0000000000008b68        0x0 linker stubs
 *(SORT_BY_ALIGNMENT(.v4_bx))
 .v4_bx         0x0000000000008b68        0x0 linker stubs
                0x0000000000008b68                . = ALIGN (0x4)
                0x0000000000008b68                __text_region_end = .

.ARM.exidx      0x0000000000008b68        0x8
                0x0000000000008b68                __exidx_start = .
 *(SORT_BY_ALIGNMENT(.ARM.exidx*) SORT_BY_ALIGNMENT(gnu.linkonce.armexidx.*))
 .ARM.exidx     0x0000000000008b68        0x8 /home/thomas/ncs/toolchains/2be090971e/opt/zephyr-sdk/arm-zephyr-eabi/bin/../lib/gcc/arm-zephyr-eabi/12.2.0/thumb/v7e-m+fp/hard/libgcc.a(_udivmoddi4.o)
 .ARM.exidx     0x0000000000008b70        0x0 /home/thomas/ncs/toolchains/2be090971e/opt/zephyr-sdk/arm-zephyr-eabi/bin/../lib/gcc/../../picolibc/arm-zephyr-eabi/lib/thumb/v7e-m+fp/hard/libc.a(strlen.S.o)
                                          0x8 (size before relaxing)
                0x0000000000008b70                __exidx_end = .
                0x0000000000008b70                __rodata_region_start = .

initlevel       0x0000000000008b70       0x60
                0x0000000000008b70                __init_start = .
                0x0000000000008b70                __init_EARLY_start = .
 *(SORT_BY_NAME(SORT_BY_ALIGNMENT(.z_init_EARLY?_*)))
 *(SORT_BY_NAME(SORT_BY_ALIGNMENT(.z_init_EARLY??_*)))
                0x0000000000008b70                __init_PRE_KERNEL_1_start = .
 *(SORT_BY_NAME(SORT_BY_ALIGNMENT(.z_init_PRE_KERNEL_1?_*)))
 .z_init_PRE_KERNEL_10_0_
                0x0000000000008b70        0x8 zephyr/soc/soc/arm/nordic_nrf/libsoc__arm__nordic_nrf.a(soc.c.obj)
 *(SORT_BY_NAME(SORT_BY_ALIGNMENT(.z_init_PRE_KERNEL_1??_*)))
 .z_init_PRE_KERNEL_130_00023_
                0x0000000000008b78        0x8 zephyr/drivers/clock_control/libdrivers__clock_control.a(clock_control_nrf.c.obj)
 .z_init_PRE_KERNEL_130_0_
                0x0000000000008b80        0x8 modules/segger/libmodules__segger.a(SEGGER_RTT_zephyr.c.obj)
 .z_init_PRE_KERNEL_140_00034_
                0x0000000000008b88        0x8 zephyr/drivers/gpio/libdrivers__gpio.a(gpio_nrfx.c.obj)
 .z_init_PRE_KERNEL_140_00035_
                0x0000000000008b90        0x8 zephyr/drivers/gpio/libdrivers__gpio.a(gpio_nrfx.c.obj)
 .z_init_PRE_KERNEL_140_0_
                0x0000000000008b98        0x8 zephyr/drivers/console/libdrivers__console.a(rtt_console.c.obj)
 .z_init_PRE_KERNEL_155_00063_
                0x0000000000008ba0        0x8 zephyr/drivers/serial/libdrivers__serial.a(uart_nrfx_uart.c.obj)
                0x0000000000008ba8                __init_PRE_KERNEL_2_start = .
 *(SORT_BY_NAME(SORT_BY_ALIGNMENT(.z_init_PRE_KERNEL_2?_*)))
 .z_init_PRE_KERNEL_20_0_
                0x0000000000008ba8        0x8 zephyr/drivers/timer/libdrivers__timer.a(nrf_rtc_timer.c.obj)
 *(SORT_BY_NAME(SORT_BY_ALIGNMENT(.z_init_PRE_KERNEL_2??_*)))
                0x0000000000008bb0                __init_POST_KERNEL_start = .
 *(SORT_BY_NAME(SORT_BY_ALIGNMENT(.z_init_POST_KERNEL?_*)))
 .z_init_POST_KERNEL0_0_
                0x0000000000008bb0        0x8 zephyr/libzephyr.a(log_core.c.obj)
 *(SORT_BY_NAME(SORT_BY_ALIGNMENT(.z_init_POST_KERNEL??_*)))
 .z_init_POST_KERNEL40_0_
                0x0000000000008bb8        0x8 zephyr/lib/libc/common/liblib__libc__common.a(malloc.c.obj)
 .z_init_POST_KERNEL40_0_
                0x0000000000008bc0        0x8 zephyr/kernel/libkernel.a(system_work_q.c.obj)
 .z_init_POST_KERNEL70_00054_
                0x0000000000008bc8        0x8 zephyr/drivers/spi/libdrivers__spi.a(spi_nrfx_spis.c.obj)
                0x0000000000008bd0                __init_APPLICATION_start = .
 *(SORT_BY_NAME(SORT_BY_ALIGNMENT(.z_init_APPLICATION?_*)))
 *(SORT_BY_NAME(SORT_BY_ALIGNMENT(.z_init_APPLICATION??_*)))
                0x0000000000008bd0                __init_SMP_start = .
 *(SORT_BY_NAME(SORT_BY_ALIGNMENT(.z_init_SMP?_*)))
 *(SORT_BY_NAME(SORT_BY_ALIGNMENT(.z_init_SMP??_*)))
                0x0000000000008bd0                __init_end = .

device_area     0x0000000000008bd0       0x78
                0x0000000000008bd0                _device_list_start = .
 *(SORT_BY_NAME(SORT_BY_ALIGNMENT(._device.static.*_?_*)))
 *(SORT_BY_NAME(SORT_BY_ALIGNMENT(._device.static.*_??_*)))
 ._device.static.1_30_
                0x0000000000008bd0       0x18 zephyr/drivers/clock_control/libdrivers__clock_control.a(clock_control_nrf.c.obj)
                0x0000000000008bd0                __device_dts_ord_23
 ._device.static.1_40_
                0x0000000000008be8       0x30 zephyr/drivers/gpio/libdrivers__gpio.a(gpio_nrfx.c.obj)
                0x0000000000008be8                __device_dts_ord_35
                0x0000000000008c00                __device_dts_ord_34
 ._device.static.1_55_
                0x0000000000008c18       0x18 zephyr/drivers/serial/libdrivers__serial.a(uart_nrfx_uart.c.obj)
                0x0000000000008c18                __device_dts_ord_63
 ._device.static.3_70_
                0x0000000000008c30       0x18 zephyr/drivers/spi/libdrivers__spi.a(spi_nrfx_spis.c.obj)
                0x0000000000008c30                __device_dts_ord_54
                0x0000000000008c48                _device_list_end = .

sw_isr_table    0x0000000000008c48      0x180
                0x0000000000008c48                . = ALIGN (0x4)
 *(SORT_BY_ALIGNMENT(.gnu.linkonce.sw_isr_table*))
 .gnu.linkonce.sw_isr_table
                0x0000000000008c48      0x180 zephyr/CMakeFiles/zephyr_final.dir/isr_tables.c.obj
                0x0000000000008c48                _sw_isr_table

initlevel_error
                0x0000000000008b70        0x0
 *(SORT_BY_NAME(SORT_BY_ALIGNMENT(.z_init_[_A-Z0-9]*)))
                0x0000000000000001                ASSERT ((SIZEOF (initlevel_error) == 0x0), Undefined initialization levels used.)

app_shmem_regions
                0x0000000000008dc8        0x0
                0x0000000000008dc8                __app_shmem_regions_start = .
 *(SORT_BY_NAME(SORT_BY_ALIGNMENT(.app_regions.*)))
                0x0000000000008dc8                __app_shmem_regions_end = .

k_p4wq_initparam_area
                0x0000000000008dc8        0x0
                0x0000000000008dc8                _k_p4wq_initparam_list_start = .
 *(SORT_BY_NAME(SORT_BY_ALIGNMENT(._k_p4wq_initparam.static.*)))
                0x0000000000008dc8                _k_p4wq_initparam_list_end = .

_static_thread_data_area
                0x0000000000008dc8        0x0
                0x0000000000008dc8                __static_thread_data_list_start = .
 *(SORT_BY_NAME(SORT_BY_ALIGNMENT(.__static_thread_data.static.*)))
                0x0000000000008dc8                __static_thread_data_list_end = .

device_deps     0x0000000000008dc8        0x0
                0x0000000000008dc8                __device_deps_start = .
 *(SORT_BY_NAME(SORT_BY_ALIGNMENT(.__device_deps_pass2*)))
                0x0000000000008dc8                __device_deps_end = .

ztest           0x0000000000008dc8        0x0
                0x0000000000008dc8                _ztest_expected_result_entry_list_start = .
 *(SORT_BY_NAME(SORT_BY_ALIGNMENT(._ztest_expected_result_entry.static.*)))
                0x0000000000008dc8                _ztest_expected_result_entry_list_end = .
                0x0000000000008dc8                _ztest_suite_node_list_start = .
 *(SORT_BY_NAME(SORT_BY_ALIGNMENT(._ztest_suite_node.static.*)))
                0x0000000000008dc8                _ztest_suite_node_list_end = .
                0x0000000000008dc8                _ztest_unit_test_list_start = .
 *(SORT_BY_NAME(SORT_BY_ALIGNMENT(._ztest_unit_test.static.*)))
                0x0000000000008dc8                _ztest_unit_test_list_end = .
                0x0000000000008dc8                _ztest_test_rule_list_start = .
 *(SORT_BY_NAME(SORT_BY_ALIGNMENT(._ztest_test_rule.static.*)))
                0x0000000000008dc8                _ztest_test_rule_list_end = .

bt_l2cap_fixed_chan_area
                0x0000000000008dc8        0x0
                0x0000000000008dc8                _bt_l2cap_fixed_chan_list_start = .
 *(SORT_BY_NAME(SORT_BY_ALIGNMENT(._bt_l2cap_fixed_chan.static.*)))
                0x0000000000008dc8                _bt_l2cap_fixed_chan_list_end = .

bt_gatt_service_static_area
                0x0000000000008dc8        0x0
                0x0000000000008dc8                _bt_gatt_service_static_list_start = .
 *(SORT_BY_NAME(SORT_BY_ALIGNMENT(._bt_gatt_service_static.static.*)))
                0x0000000000008dc8                _bt_gatt_service_static_list_end = .

log_strings_area
                0x0000000000008dc8        0x0
                0x0000000000008dc8                _log_strings_list_start = .
 *(SORT_BY_NAME(SORT_BY_ALIGNMENT(._log_strings.static.*)))
                0x0000000000008dc8                _log_strings_list_end = .

log_const_area  0x0000000000008dc8       0x60
                0x0000000000008dc8                _log_const_list_start = .
 *(SORT_BY_NAME(SORT_BY_ALIGNMENT(._log_const.static.*)))
 ._log_const.static.log_const_app_spi_slave_demo_
                0x0000000000008dc8        0x8 app/libapp.a(app_spi_slave_demo.c.obj)
                0x0000000000008dc8                log_const_app_spi_slave_demo
 ._log_const.static.log_const_cbprintf_package_
                0x0000000000008dd0        0x8 zephyr/libzephyr.a(cbprintf_packaged.c.obj)
                0x0000000000008dd0                log_const_cbprintf_package
 ._log_const.static.log_const_clock_control_
                0x0000000000008dd8        0x8 zephyr/drivers/clock_control/libdrivers__clock_control.a(clock_control_nrf.c.obj)
                0x0000000000008dd8                log_const_clock_control
 ._log_const.static.log_const_dk_buttons_and_leds_
                0x0000000000008de0        0x8 modules/nrf/lib/dk_buttons_and_leds/lib..__nrf__lib__dk_buttons_and_leds.a(dk_buttons_and_leds.c.obj)
                0x0000000000008de0                log_const_dk_buttons_and_leds
 ._log_const.static.log_const_fatal_error_
                0x0000000000008de8        0x8 modules/nrf/lib/fatal_error/lib..__nrf__lib__fatal_error.a(fatal_error.c.obj)
                0x0000000000008de8                log_const_fatal_error
 ._log_const.static.log_const_log_
                0x0000000000008df0        0x8 zephyr/libzephyr.a(log_core.c.obj)
                0x0000000000008df0                log_const_log
 ._log_const.static.log_const_log_mgmt_
                0x0000000000008df8        0x8 zephyr/libzephyr.a(log_mgmt.c.obj)
                0x0000000000008df8                log_const_log_mgmt
 ._log_const.static.log_const_mpu_
                0x0000000000008e00        0x8 zephyr/arch/arch/arm/core/mpu/libarch__arm__core__mpu.a(arm_core_mpu.c.obj)
                0x0000000000008e00                log_const_mpu
 ._log_const.static.log_const_os_
                0x0000000000008e08        0x8 zephyr/kernel/libkernel.a(init.c.obj)
                0x0000000000008e08                log_const_os
 ._log_const.static.log_const_pm_device_
                0x0000000000008e10        0x8 zephyr/libzephyr.a(device.c.obj)
                0x0000000000008e10                log_const_pm_device
 ._log_const.static.log_const_soc_
                0x0000000000008e18        0x8 zephyr/soc/soc/arm/nordic_nrf/libsoc__arm__nordic_nrf.a(soc.c.obj)
                0x0000000000008e18                log_const_soc
 ._log_const.static.log_const_spi_nrfx_spis_
                0x0000000000008e20        0x8 zephyr/drivers/spi/libdrivers__spi.a(spi_nrfx_spis.c.obj)
                0x0000000000008e20                log_const_spi_nrfx_spis
                0x0000000000008e28                _log_const_list_end = .

log_backend_area
                0x0000000000008e28       0x10
                0x0000000000008e28                _log_backend_list_start = .
 *(SORT_BY_NAME(SORT_BY_ALIGNMENT(._log_backend.static.*)))
 ._log_backend.static.log_backend_rtt_
                0x0000000000008e28       0x10 zephyr/libzephyr.a(log_backend_rtt.c.obj)
                0x0000000000008e38                _log_backend_list_end = .

log_link_area   0x0000000000008e38        0x0
                0x0000000000008e38                _log_link_list_start = .
 *(SORT_BY_NAME(SORT_BY_ALIGNMENT(._log_link.static.*)))
                0x0000000000008e38                _log_link_list_end = .

tracing_backend_area
                0x0000000000008e38        0x0
                0x0000000000008e38                _tracing_backend_list_start = .
 *(SORT_BY_NAME(SORT_BY_ALIGNMENT(._tracing_backend.static.*)))
                0x0000000000008e38                _tracing_backend_list_end = .

zephyr_dbg_info
 *(SORT_BY_ALIGNMENT(.dbg_thread_info))

symbol_to_keep  0x0000000000008e38        0x0
                0x0000000000008e38                __symbol_to_keep_start = .
 *(SORT_BY_NAME(SORT_BY_ALIGNMENT(.symbol_to_keep*)))
                0x0000000000008e38                __symbol_to_keep_end = .

shell_area      0x0000000000008e38        0x0
                0x0000000000008e38                _shell_list_start = .
 *(SORT_BY_NAME(SORT_BY_ALIGNMENT(._shell.static.*)))
                0x0000000000008e38                _shell_list_end = .

shell_root_cmds_area
                0x0000000000008e38        0x0
                0x0000000000008e38                _shell_root_cmds_list_start = .
 *(SORT_BY_NAME(SORT_BY_ALIGNMENT(._shell_root_cmds.static.*)))
                0x0000000000008e38                _shell_root_cmds_list_end = .

shell_subcmds_area
                0x0000000000008e38        0x0
                0x0000000000008e38                _shell_subcmds_list_start = .
 *(SORT_BY_NAME(SORT_BY_ALIGNMENT(._shell_subcmds.static.*)))
                0x0000000000008e38                _shell_subcmds_list_end = .

shell_dynamic_subcmds_area
                0x0000000000008e38        0x0
                0x0000000000008e38                _shell_dynamic_subcmds_list_start = .
 *(SORT_BY_NAME(SORT_BY_ALIGNMENT(._shell_dynamic_subcmds.static.*)))
                0x0000000000008e38                _shell_dynamic_subcmds_list_end = .

cfb_font_area   0x0000000000008e38        0x0
                0x0000000000008e38                _cfb_font_list_start = .
 *(SORT_BY_NAME(SORT_BY_ALIGNMENT(._cfb_font.static.*)))
                0x0000000000008e38                _cfb_font_list_end = .

tdata           0x0000000000008e38        0x0
 *(SORT_BY_ALIGNMENT(.tdata) SORT_BY_ALIGNMENT(.tdata.*) SORT_BY_ALIGNMENT(.gnu.linkonce.td.*))

tbss            0x0000000000008e38        0x4
 *(SORT_BY_ALIGNMENT(.tbss) SORT_BY_ALIGNMENT(.tbss.*) SORT_BY_ALIGNMENT(.gnu.linkonce.tb.*) SORT_BY_ALIGNMENT(.tcommon))
 .tbss.z_tls_current
                0x0000000000008e38        0x4 zephyr/libzephyr.a(thread_entry.c.obj)
                0x0000000000008e38                z_tls_current
                0x0000000000008e38                PROVIDE (__tdata_start = LOADADDR (tdata))
                0x0000000000000000                PROVIDE (__tdata_size = SIZEOF (tdata))
                [!provide]                        PROVIDE (__tdata_end = (__tdata_start + __tdata_size))
                0x0000000000000001                PROVIDE (__tdata_align = ALIGNOF (tdata))
                [!provide]                        PROVIDE (__tbss_start = ADDR (tbss))
                0x0000000000000004                PROVIDE (__tbss_size = SIZEOF (tbss))
                [!provide]                        PROVIDE (__tbss_end = (__tbss_start + __tbss_size))
                0x0000000000000004                PROVIDE (__tbss_align = ALIGNOF (tbss))
                [!provide]                        PROVIDE (__tls_start = __tdata_start)
                [!provide]                        PROVIDE (__tls_end = __tbss_end)
                [!provide]                        PROVIDE (__tls_size = (__tbss_end - __tdata_start))

rodata          0x0000000000008e40      0xfcc
 *(SORT_BY_ALIGNMENT(.rodata))
 *(SORT_BY_ALIGNMENT(.rodata.*))
 .rodata.delay_machine_code.0
                0x0000000000008e40        0x6 zephyr/soc/soc/arm/nordic_nrf/libsoc__arm__nordic_nrf.a(soc.c.obj)
 *fill*         0x0000000000008e46        0x2 
 .rodata.DOUBLE_POW5_TABLE
                0x0000000000008e48       0xd0 /home/thomas/ncs/toolchains/2be090971e/opt/zephyr-sdk/arm-zephyr-eabi/bin/../lib/gcc/../../picolibc/arm-zephyr-eabi/lib/thumb/v7e-m+fp/hard/libc.a(libc_tinystdio_ryu_table.c.o)
 .rodata.DOUBLE_POW5_SPLIT2
                0x0000000000008f18       0xd0 /home/thomas/ncs/toolchains/2be090971e/opt/zephyr-sdk/arm-zephyr-eabi/bin/../lib/gcc/../../picolibc/arm-zephyr-eabi/lib/thumb/v7e-m+fp/hard/libc.a(libc_tinystdio_ryu_table.c.o)
 .rodata.DOUBLE_POW5_INV_SPLIT2
                0x0000000000008fe8       0xf0 /home/thomas/ncs/toolchains/2be090971e/opt/zephyr-sdk/arm-zephyr-eabi/bin/../lib/gcc/../../picolibc/arm-zephyr-eabi/lib/thumb/v7e-m+fp/hard/libc.a(libc_tinystdio_ryu_table.c.o)
 .rodata.s_rx   0x00000000000090d8        0x8 app/libapp.a(app_spi_slave_demo.c.obj)
                0x00000000000090d8                s_rx
 .rodata.s_tx   0x00000000000090e0        0x8 app/libapp.a(app_spi_slave_demo.c.obj)
                0x00000000000090e0                s_tx
 .rodata.s_tx_buf
                0x00000000000090e8        0x8 app/libapp.a(app_spi_slave_demo.c.obj)
                0x00000000000090e8                s_tx_buf
 .rodata.spi_slave_cfg
                0x00000000000090f0       0x14 app/libapp.a(app_spi_slave_demo.c.obj)
 .rodata.mpsc_config
                0x0000000000009104       0x14 zephyr/libzephyr.a(log_core.c.obj)
 .rodata.format_table
                0x0000000000009118       0x10 zephyr/libzephyr.a(log_core.c.obj)
 .rodata.colors
                0x0000000000009128       0x14 zephyr/libzephyr.a(log_output.c.obj)
 .rodata.severity
                0x000000000000913c       0x14 zephyr/libzephyr.a(log_output.c.obj)
 .rodata.log_backend_rtt_api
                0x0000000000009150       0x1c zephyr/libzephyr.a(log_backend_rtt.c.obj)
                0x0000000000009150                log_backend_rtt_api
 .rodata.log_output_rtt
                0x000000000000916c       0x10 zephyr/libzephyr.a(log_backend_rtt.c.obj)
 .rodata.mem_attr_region
                0x000000000000917c        0x0 zephyr/libzephyr.a(mem_attr.c.obj)
 .rodata.static_regions
                0x000000000000917c        0xc zephyr/arch/arch/arm/core/mpu/libarch__arm__core__mpu.a(arm_core_mpu.c.obj)
 .rodata.mpu_config
                0x0000000000009188        0x8 zephyr/arch/arch/arm/core/mpu/libarch__arm__core__mpu.a(arm_mpu_regions.c.obj)
                0x0000000000009188                mpu_config
 .rodata.mpu_regions
                0x0000000000009190       0x18 zephyr/arch/arch/arm/core/mpu/libarch__arm__core__mpu.a(arm_mpu_regions.c.obj)
 .rodata.transitions.0
                0x00000000000091a8        0xc zephyr/drivers/clock_control/libdrivers__clock_control.a(clock_control_nrf.c.obj)
 .rodata.config
                0x00000000000091b4       0x18 zephyr/drivers/clock_control/libdrivers__clock_control.a(clock_control_nrf.c.obj)
 .rodata.clock_control_api
                0x00000000000091cc       0x1c zephyr/drivers/clock_control/libdrivers__clock_control.a(clock_control_nrf.c.obj)
 .rodata.gpio_nrfx_p1_cfg
                0x00000000000091e8       0x18 zephyr/drivers/gpio/libdrivers__gpio.a(gpio_nrfx.c.obj)
 .rodata.gpio_nrfx_p0_cfg
                0x0000000000009200       0x18 zephyr/drivers/gpio/libdrivers__gpio.a(gpio_nrfx.c.obj)
 .rodata.gpio_nrfx_drv_api_funcs
                0x0000000000009218       0x24 zephyr/drivers/gpio/libdrivers__gpio.a(gpio_nrfx.c.obj)
 .rodata.uart_nrfx_uart0_config
                0x000000000000923c        0x4 zephyr/drivers/serial/libdrivers__serial.a(uart_nrfx_uart.c.obj)
 .rodata.__pinctrl_dev_config__device_dts_ord_63
                0x0000000000009240        0xc zephyr/drivers/serial/libdrivers__serial.a(uart_nrfx_uart.c.obj)
 .rodata.__pinctrl_states__device_dts_ord_63
                0x000000000000924c       0x10 zephyr/drivers/serial/libdrivers__serial.a(uart_nrfx_uart.c.obj)
 .rodata.__pinctrl_state_pins_1__device_dts_ord_63
                0x000000000000925c        0x8 zephyr/drivers/serial/libdrivers__serial.a(uart_nrfx_uart.c.obj)
 .rodata.__pinctrl_state_pins_0__device_dts_ord_63
                0x0000000000009264        0x8 zephyr/drivers/serial/libdrivers__serial.a(uart_nrfx_uart.c.obj)
 .rodata.uart_nrfx_uart_driver_api
                0x000000000000926c        0xc zephyr/drivers/serial/libdrivers__serial.a(uart_nrfx_uart.c.obj)
 .rodata.spi_1z_config
                0x0000000000009278       0x38 zephyr/drivers/spi/libdrivers__spi.a(spi_nrfx_spis.c.obj)
 .rodata.__pinctrl_dev_config__device_dts_ord_54
                0x00000000000092b0        0xc zephyr/drivers/spi/libdrivers__spi.a(spi_nrfx_spis.c.obj)
 .rodata.__pinctrl_states__device_dts_ord_54
                0x00000000000092bc       0x10 zephyr/drivers/spi/libdrivers__spi.a(spi_nrfx_spis.c.obj)
 .rodata.__pinctrl_state_pins_1__device_dts_ord_54
                0x00000000000092cc       0x10 zephyr/drivers/spi/libdrivers__spi.a(spi_nrfx_spis.c.obj)
 .rodata.__pinctrl_state_pins_0__device_dts_ord_54
                0x00000000000092dc       0x10 zephyr/drivers/spi/libdrivers__spi.a(spi_nrfx_spis.c.obj)
 .rodata.spi_nrfx_driver_api
                0x00000000000092ec        0xc zephyr/drivers/spi/libdrivers__spi.a(spi_nrfx_spis.c.obj)
 .rodata.CSWTCH.489
                0x00000000000092f8       0x14 zephyr/kernel/libkernel.a(fatal.c.obj)
 .rodata.levels.0
                0x000000000000930c       0x18 zephyr/kernel/libkernel.a(init.c.obj)
 .rodata.POW5_OFFSETS
                0x0000000000009324       0x54 /home/thomas/ncs/toolchains/2be090971e/opt/zephyr-sdk/arm-zephyr-eabi/bin/../lib/gcc/../../picolibc/arm-zephyr-eabi/lib/thumb/v7e-m+fp/hard/libc.a(libc_tinystdio_ryu_table.c.o)
 .rodata.POW5_INV_OFFSETS
                0x0000000000009378       0x54 /home/thomas/ncs/toolchains/2be090971e/opt/zephyr-sdk/arm-zephyr-eabi/bin/../lib/gcc/../../picolibc/arm-zephyr-eabi/lib/thumb/v7e-m+fp/hard/libc.a(libc_tinystdio_ryu_table.c.o)
 .rodata.main.str1.1
                0x00000000000093cc       0x3b app/libapp.a(app_spi_slave_demo.c.obj)
 .rodata.str1.1
                0x0000000000009407       0x13 app/libapp.a(app_spi_slave_demo.c.obj)
 .rodata.cbprintf_package_convert.str1.1
                0x000000000000941a       0xa3 zephyr/libzephyr.a(cbprintf_packaged.c.obj)
 .rodata.str1.1
                0x00000000000094bd       0x11 zephyr/libzephyr.a(cbprintf_packaged.c.obj)
 .rodata.enable_logger.str1.1
                0x00000000000094ce        0x8 zephyr/libzephyr.a(log_core.c.obj)
 .rodata.str1.1
                0x00000000000094d6        0x4 zephyr/libzephyr.a(log_core.c.obj)
 .rodata.str1.1
                0x00000000000094da        0x9 zephyr/libzephyr.a(log_mgmt.c.obj)
 .rodata.z_impl_z_log_msg_static_create.str1.1